Archive member included to satisfy reference by file (symbol)

libretro_core.a(libretro.o)   core_api.o (retro_set_environment)
libretro_core.a(memmap.o)     libretro_core.a(libretro.o) (mmap)
libretro_core.a(pico.o)       libretro_core.a(libretro.o) (PicoInit)
libretro_core.a(cart.o)       libretro_core.a(pico.o) (PicoCartUnload)
libretro_core.a(memory.o)     libretro_core.a(libretro.o) (m68k_read16)
libretro_core.a(state.o)      libretro_core.a(cart.o) (carthw_chunks)
libretro_core.a(sek.o)        libretro_core.a(pico.o) (PicoCpuFM68k)
libretro_core.a(z80if.o)      libretro_core.a(memory.o) (z80_read_map)
libretro_core.a(videoport.o)  libretro_core.a(pico.o) (PicoVideoInit)
libretro_core.a(draw2.o)      libretro_core.a(pico.o) (PicoFrameFull)
libretro_core.a(draw.o)       libretro_core.a(state.o) (VdpSATCache)
libretro_core.a(mode4.o)      libretro_core.a(draw.o) (PicoDoHighPal555SMS)
libretro_core.a(misc.o)       libretro_core.a(draw2.o) (memset32)
libretro_core.a(eeprom.o)     libretro_core.a(memory.o) (EEPROM_write16)
libretro_core.a(patch.o)      libretro_core.a(libretro.o) (decode)
libretro_core.a(media.o)      libretro_core.a(libretro.o) (PicoCdCheck)
libretro_core.a(sms.o)        libretro_core.a(cart.o) (PicoPowerMS)
libretro_core.a(mcd.o)        libretro_core.a(libretro.o) (Pico_mcd)
libretro_core.a(memory.o)     libretro_core.a(memory.o) (s68k_read8_map)
libretro_core.a(sek.o)        libretro_core.a(memory.o) (PicoCpuFS68k)
libretro_core.a(cdc.o)        libretro_core.a(mcd.o) (cdc_init)
libretro_core.a(cdd.o)        libretro_core.a(mcd.o) (cdd_reset)
libretro_core.a(cd_image.o)   libretro_core.a(cdd.o) (load_cd_image)
libretro_core.a(cd_parse.o)   libretro_core.a(media.o) (chd_parse)
libretro_core.a(gfx.o)        libretro_core.a(mcd.o) (gfx_init)
libretro_core.a(gfx_dma.o)    libretro_core.a(videoport.o) (DmaSlowCell)
libretro_core.a(misc.o)       libretro_core.a(state.o) (wram_2M_to_1M)
libretro_core.a(pcm.o)        libretro_core.a(memory.o) (pcd_pcm_write)
libretro_core.a(32x.o)        libretro_core.a(state.o) (Pico32x)
libretro_core.a(memory.o)     libretro_core.a(state.o) (Pico32xMem)
libretro_core.a(draw.o)       libretro_core.a(draw.o) (PicoScan32xBegin)
libretro_core.a(sh2soc.o)     libretro_core.a(32x.o) (p32x_timers_recalc)
libretro_core.a(pwm.o)        libretro_core.a(32x.o) (p32x_pwm_ctl_changed)
libretro_core.a(pico.o)       libretro_core.a(libretro.o) (PicoPicohw)
libretro_core.a(memory.o)     libretro_core.a(cart.o) (PicoMemSetupPico)
libretro_core.a(xpcm.o)       libretro_core.a(pico.o) (PicoPicoPCMReset)
libretro_core.a(carthw.o)     libretro_core.a(memory.o) (carthw_ssf2_write8)
libretro_core.a(eeprom_spi.o)
                              libretro_core.a(carthw.o) (eeprom_spi_init)
libretro_core.a(svp.o)        libretro_core.a(pico.o) (PicoSVPInit)
libretro_core.a(memory.o)     libretro_core.a(svp.o) (PicoSVPMemSetup)
libretro_core.a(ssp16.o)      libretro_core.a(svp.o) (ssp1601_reset)
libretro_core.a(sound.o)      libretro_core.a(state.o) (YM2413GetRegs)
libretro_core.a(resampler.o)  libretro_core.a(sound.o) (resampler_free)
libretro_core.a(sn76496.o)    libretro_core.a(memory.o) (SN76496Write)
libretro_core.a(ym2612.o)     libretro_core.a(pico.o) (ym2612)
libretro_core.a(emu2413.o)    libretro_core.a(sound.o) (OPLL_new)
libretro_core.a(mix.o)        libretro_core.a(sound.o) (mix_32_to_16l_stereo)
libretro_core.a(famec.o)      libretro_core.a(carthw.o) (fm68k_get_pc)
libretro_core.a(cz80.o)       libretro_core.a(z80if.o) (Cz80_Init)
libretro_core.a(sh2.o)        libretro_core.a(32x.o) (sh2_init)
libretro_core.a(compiler.o)   libretro_core.a(memory.o) (sh2_drc_wcheck_ram)
libretro_core.a(sh2pico.o)    libretro_core.a(32x.o) (sh2_execute_interpreter)
libretro_core.a(mp3.o)        libretro_core.a(cd_image.o) (mp3_get_bitrate)
libretro_core.a(mp3_sync.o)   libretro_core.a(mp3.o) (mp3_find_sync_word)
libretro_core.a(mp3_drmp3.o)  libretro_core.a(mp3.o) (mp3dec_start)
libretro_core.a(libchdr_chd.o)
                              libretro_core.a(cart.o) (chd_close)
libretro_core.a(libchdr_cdrom.o)
                              libretro_core.a(libchdr_chd.o) (ecc_generate)
libretro_core.a(libchdr_flac.o)
                              libretro_core.a(libchdr_chd.o) (flac_decoder_init)
libretro_core.a(libchdr_bitstream.o)
                              libretro_core.a(libchdr_chd.o) (create_bitstream)
libretro_core.a(libchdr_huffman.o)
                              libretro_core.a(libchdr_chd.o) (create_huffman_decoder)
libretro_core.a(gzio.o)       libretro_core.a(state.o) (gzsetparams)
libretro_core.a(inflate.o)    libretro_core.a(cart.o) (inflateReset)
libretro_core.a(inftrees.o)   libretro_core.a(inflate.o) (inflate_table)
libretro_core.a(deflate.o)    libretro_core.a(gzio.o) (deflate)
libretro_core.a(crc32.o)      libretro_core.a(cart.o) (crc32)
libretro_core.a(adler32.o)    libretro_core.a(inflate.o) (adler32)
libretro_core.a(zutil.o)      libretro_core.a(gzio.o) (z_errmsg)
[...]
Memory Configuration

Name             Origin             Length             Attributes
*default*        0x0000000000000000 0xffffffffffffffff

Linker script and memory map

Address of section .text set to 0x87000000
LOAD bisrv_08_03.ld
                0x00000000801b0b28                strcat = 0x801b0b28
                0x00000000801b0bc4                strncmp = 0x801b0bc4
                0x00000000801b0c9c                strncpy = 0x801b0c9c
                0x00000000801b0d6c                strchr = 0x801b0d6c
                0x00000000801b0dfc                strrchr = 0x801b0dfc
                0x00000000801b0e1c                strstr = 0x801b0e1c
                0x00000000801b0e70                strcasecmp = 0x801b0e70
                0x00000000801b0ef0                strncasecmp = 0x801b0ef0
                0x00000000801b0f50                memchr = 0x801b0f50
                0x00000000801b0f80                tolower = 0x801b0f80
                0x00000000801b0fa0                toupper = 0x801b0fa0
                0x00000000801b0fc0                isalnum = 0x801b0fc0
                0x00000000801b0fd8                isalpha = 0x801b0fd8
                0x00000000801b0ff0                isascii = 0x801b0ff0
                0x00000000801b0ff8                iscntrl = 0x801b0ff8
                0x00000000801b1010                isdigit = 0x801b1010
                0x00000000801b1028                isgraph = 0x801b1028
                0x00000000801b1040                islower = 0x801b1040
                0x00000000801b1058                isprint = 0x801b1058
                0x00000000801b1070                ispunct = 0x801b1070
                0x00000000801b1088                isspace = 0x801b1088
                0x00000000801b10a0                isupper = 0x801b10a0
                0x00000000801b10b8                isxdigit = 0x801b10b8
                0x00000000801b10d0                toascii = 0x801b10d0
                0x00000000801b10d8                _tolower = 0x801b10d8
                0x00000000801b10e0                _toupper = 0x801b10e0
                0x00000000801b10e8                isnan = 0x801b10e8
                0x00000000801b1134                isinf = 0x801b1134
                0x00000000801b1184                strtol = 0x801b1184
                0x00000000801b1374                strtoul = 0x801b1374
                0x000000008028b5f8                sbrk = 0x8028b5f8
                0x000000008028b8b8                malloc = 0x8028b8b8
                0x000000008028c4c8                free = 0x8028c4c8
                0x000000008028c58c                realloc = 0x8028c58c
                0x000000008028c844                calloc = 0x8028c844
                0x000000008028e2d8                vsnprintf = 0x8028e2d8
                0x000000008028e38c                sprintf = 0x8028e38c
                0x000000008028e434                vprintf = 0x8028e434
                0x000000008028e474                printf = 0x8028e474
                0x000000008028e49c                snprintf = 0x8028e49c
                0x000000008028e4bc                vsprintf = 0x8028e4bc
                0x000000008028e56c                rand = 0x8028e56c
                0x000000008028e620                memcpy = 0x8028e620
                0x000000008028e850                memset = 0x8028e850
                0x000000008028e930                memcmp = 0x8028e930
                0x000000008028e994                memmove = 0x8028e994
                0x000000008028ea60                strcpy = 0x8028ea60
                0x000000008028eaa0                strcmp = 0x8028eaa0
                0x000000008028eae4                strlen = 0x8028eae4
                0x000000008028eb0c                atoi = 0x8028eb0c
                0x000000008028edb4                time = 0x8028edb4
                0x000000008028effc                localtime = 0x8028effc
                0x00000000802903d0                vsscanf = 0x802903d0
                0x0000000080290410                sscanf = 0x80290410
                0x00000000802a5a0c                open = 0x802a5a0c
                0x00000000802a5e04                read = 0x802a5e04
                0x00000000802a5f28                write = 0x802a5f28
                0x00000000802a6048                lseek = 0x802a6048
                0x00000000802a6188                close = 0x802a6188
                0x00000000802a5d34                fs_fstat = 0x802a5d34
                0x00000000802a5d58                fs_stat = 0x802a5d58
                0x00000000802a5b68                fs_mkdir = 0x802a5b68
                0x00000000802a5adc                fs_opendir = 0x802a5adc
                0x00000000802a61a4                fs_closedir = 0x802a61a4
                0x00000000802a60ec                fs_readdir = 0x802a60ec
                0x00000000802a58e4                fs_sync = 0x802a58e4
                0x00000000802acb40                strdup = 0x802acb40
                0x00000000802acbf4                fclose = 0x802acbf4
                0x00000000802acd64                fflush = 0x802acd64
                0x00000000802ad1d8                fopen = 0x802ad1d8
                0x00000000802ad34c                fw_fread = 0x802ad34c
                0x00000000802ad4b8                fseeko = 0x802ad4b8
                0x00000000802adbd0                ftell = 0x802adbd0
                0x00000000802adbec                ftello = 0x802adbec
                0x00000000802adf60                fwrite = 0x802adf60
                0x0000000080049214                osal_tds2_cache_flush = 0x80049214
                0x00000000802da404                os_disable_interrupt = 0x802da404
                0x00000000802da42c                os_enable_interrupt = 0x802da42c
                0x0000000080309b7c                os_get_tick_count = 0x80309b7c
                0x0000000080309134                dly_tsk = 0x80309134
                0x00000000803583a8                retro_video_refresh_cb = 0x803583a8
                0x0000000080358430                retro_audio_sample_batch_cb = 0x80358430
                0x0000000080358688                retro_input_poll_cb = 0x80358688
                0x0000000080358778                retro_input_state_cb = 0x80358778
                0x00000000803587bc                retro_set_environment_cb = 0x803587bc
                0x00000000803589a4                run_emulator = 0x803589a4
                0x000000008099553c                _ctype_ = 0x8099553c
                0x0000000080c09bdc                RAMSIZE = 0x80c09bdc
                0x0000000080c0a3b0                g_errno = 0x80c0a3b0
                0x0000000080c0b574                g_snd_task_flags = 0x80c0b574
                0x0000000080c0b678                g_retro_game_info = 0x80c0b678
                0x0000000080c107cc                gfn_state_load = 0x80c107cc
                0x0000000080c1081c                gfn_state_save = 0x80c1081c
                0x0000000080c107f8                gfn_retro_get_region = 0x80c107f8
                0x0000000080c10808                gfn_get_system_av_info = 0x80c10808
                0x0000000080c10828                gfn_retro_load_game = 0x80c10828
                0x0000000080c10830                gfn_retro_unload_game = 0x80c10830
                0x0000000080c10840                gfn_retro_run = 0x80c10840
                0x0000000080c1083c                gfn_frameskip = 0x80c1083c
                0x0000000080c107d8                g_run_file_size = 0x80c107d8
                0x0000000080c10834                gp_buf_64m = 0x80c10834
                0x00000000b88004a0                PINMUXL = 0xb88004a0
                0x00000000b8800500                PINMUXT = 0xb8800500
                0x00000000b8800044                GPIOLCTRL = 0xb8800044
                0x00000000b8800344                GPIOTCTRL = 0xb8800344
START GROUP
LOAD /opt/mips32-mti-elf/2019.09-03-2/lib/gcc/mips-mti-elf/7.4.0/mips32/el/sof/libgcc.a
LOAD /opt/mips32-mti-elf/2019.09-03-2/mips-mti-elf/lib/mips32/el/sof/libc.a
LOAD /opt/mips32-mti-elf/2019.09-03-2/mips-mti-elf/lib/mips32/el/sof/libm.a
LOAD /opt/mips32-mti-elf/2019.09-03-2/mips-mti-elf/lib/mips32/el/sof/libstdc++.a
LOAD core_api.o
LOAD lib.o
LOAD debug.o
LOAD libretro_core.a
LOAD libretro-common.a
END GROUP
                [!provide]                        PROVIDE (__executable_start = SEGMENT_START ("text-segment", 0x400000))
                0x00000000004000d4                . = (SEGMENT_START ("text-segment", 0x400000) + SIZEOF_HEADERS)

.interp
 *(.interp)

.MIPS.abiflags  0x00000000004000d8       0x18
 *(.MIPS.abiflags)
 .MIPS.abiflags
                0x00000000004000d8       0x18 core_api.o

.reginfo        0x00000000004000f0       0x18
 *(.reginfo)
 .reginfo       0x00000000004000f0       0x18 core_api.o

.note.gnu.build-id
 *(.note.gnu.build-id)

.dynamic
 *(.dynamic)

.hash
 *(.hash)

.gnu.hash
 *(.gnu.hash)

.dynsym
 *(.dynsym)

.dynstr
 *(.dynstr)

.gnu.version
 *(.gnu.version)

.gnu.version_d
 *(.gnu.version_d)

.gnu.version_r
 *(.gnu.version_r)

.rel.dyn        0x00000000004000f0        0x0 load address 0x0000000000400108
 *(.rel.init)
 *(.rel.text .rel.text.* .rel.gnu.linkonce.t.*)
 *(.rel.fini)
 *(.rel.rodata .rel.rodata.* .rel.gnu.linkonce.r.*)
 *(.rel.data.rel.ro .rel.data.rel.ro.* .rel.gnu.linkonce.d.rel.ro.*)
 *(.rel.data .rel.data.* .rel.gnu.linkonce.d.*)
 *(.rel.tdata .rel.tdata.* .rel.gnu.linkonce.td.*)
 *(.rel.tbss .rel.tbss.* .rel.gnu.linkonce.tb.*)
 *(.rel.ctors)
 *(.rel.dtors)
 *(.rel.got)
 *(.rel.dyn)
 .rel.dyn       0x00000000004000f0        0x0 core_api.o
 *(.rel.sdata .rel.sdata.* .rel.gnu.linkonce.s.*)
 *(.rel.sbss .rel.sbss.* .rel.gnu.linkonce.sb.*)
 *(.rel.sdata2 .rel.sdata2.* .rel.gnu.linkonce.s2.*)
 *(.rel.sbss2 .rel.sbss2.* .rel.gnu.linkonce.sb2.*)
 *(.rel.bss .rel.bss.* .rel.gnu.linkonce.b.*)
                [!provide]                        PROVIDE (__rel_iplt_start = .)
 *(.rel.iplt)
                [!provide]                        PROVIDE (__rel_iplt_end = .)

.rela.dyn       0x00000000004000f0        0x0
 *(.rela.init)
 *(.rela.text .rela.text.* .rela.gnu.linkonce.t.*)
 *(.rela.fini)
 *(.rela.rodata .rela.rodata.* .rela.gnu.linkonce.r.*)
 *(.rela.data .rela.data.* .rela.gnu.linkonce.d.*)
 *(.rela.tdata .rela.tdata.* .rela.gnu.linkonce.td.*)
 *(.rela.tbss .rela.tbss.* .rela.gnu.linkonce.tb.*)
 *(.rela.ctors)
 *(.rela.dtors)
 *(.rela.got)
 *(.rela.sdata .rela.sdata.* .rela.gnu.linkonce.s.*)
 *(.rela.sbss .rela.sbss.* .rela.gnu.linkonce.sb.*)
 *(.rela.sdata2 .rela.sdata2.* .rela.gnu.linkonce.s2.*)
 *(.rela.sbss2 .rela.sbss2.* .rela.gnu.linkonce.sb2.*)
 *(.rela.bss .rela.bss.* .rela.gnu.linkonce.b.*)
                [!provide]                        PROVIDE (__rela_iplt_start = .)
 *(.rela.iplt)
                [!provide]                        PROVIDE (__rela_iplt_end = .)

.rel.plt
 *(.rel.plt)

.rela.plt
 *(.rela.plt)

.init
 *(SORT_NONE(.init))

.text           0x0000000087000000   0x1492b0 load address 0x0000000087000018
                0x0000000087000000                _ftext = .
 *(.text.unlikely .text.*_unlikely .text.unlikely.*)
 .text.unlikely
                0x0000000087000000       0xc4 core_api.o
                0x0000000087000000                __core_entry__
 .text.unlikely
                0x00000000870000c4      0x114 libretro_core.a(cart.o)
 .text.unlikely
                0x00000000870001d8       0x94 libretro_core.a(famec.o)
 .text.unlikely
                0x000000008700026c      0x8a0 libretro_core.a(compiler.o)
 *(.text.exit .text.exit.*)
 .text.exit     0x0000000087000b0c       0x14 lib.o
                0x0000000087000b0c                exit
 *(.text.startup .text.startup.*)
 *(.text.hot .text.hot.*)
 *(.text .stub .text.* .gnu.linkonce.t.*)
 .text.wrap_audio_batch_cb
                0x0000000087000b20       0x4c core_api.o
 .text.frameskip_cb
                0x0000000087000b6c       0x14 core_api.o
 .text.wrap_retro_load_game
                0x0000000087000b80      0x19c core_api.o
 .text.wrap_retro_set_audio_sample_batch
                0x0000000087000d1c       0x14 core_api.o
 .text.wrap_retro_set_environment
                0x0000000087000d30       0x14 core_api.o
 .text.log_cb   0x0000000087000d44       0xa8 core_api.o
 .text.wrap_environ_cb
                0x0000000087000dec      0x288 core_api.o
 .text.wrap_retro_video_refresh_cb
                0x0000000087001074       0x84 core_api.o
 .text.wrap_retro_deinit
                0x00000000870010f8       0x24 core_api.o
 .text.wrap_input_state_cb
                0x000000008700111c       0x24 core_api.o
 .text.build_state_filepath
                0x0000000087001140       0x88 core_api.o
                0x0000000087001140                build_state_filepath
 .text.state_save
                0x00000000870011c8       0xc8 core_api.o
 .text.state_load
                0x0000000087001290       0xe8 core_api.o
 .text.build_config_filepath
                0x0000000087001378       0x44 core_api.o
                0x0000000087001378                build_config_filepath
 .text.wrap_retro_init
                0x00000000870013bc       0x60 core_api.o
 .text._flush_cache
                0x000000008700141c        0x8 lib.o
                0x000000008700141c                _flush_cache
 .text.stpcpy   0x0000000087001424       0x4c lib.o
                0x0000000087001424                stpcpy
 .text.__errno  0x0000000087001470        0xc lib.o
                0x0000000087001470                __errno
 .text.puts     0x000000008700147c       0x38 lib.o
                0x000000008700147c                puts
 .text.fread    0x00000000870014b4       0x30 lib.o
                0x00000000870014b4                fread
 .text.stat     0x00000000870014e4       0xa8 lib.o
                0x00000000870014e4                stat
 .text.lcd_send
                0x000000008700158c       0x74 debug.o
 .text.lcd_send_cmd
                0x0000000087001600       0x20 debug.o
 .text.lcd_send_data
                0x0000000087001620       0x1c debug.o
 .text.lcd_flush
                0x000000008700163c      0x184 debug.o
 .text.lcd_vprintf
                0x00000000870017c0       0xdc debug.o
 .text.lcd_init
                0x000000008700189c       0x58 debug.o
                0x000000008700189c                lcd_init
 .text.lcd_printf
                0x00000000870018f4       0x2c debug.o
                0x00000000870018f4                dbg_print
 .text.lcd_bsod
                0x0000000087001920       0x54 debug.o
                0x0000000087001920                lcd_bsod
 .text.xlog     0x0000000087001974       0xa0 debug.o
                0x0000000087001974                xlog
 .text          0x0000000087001a14     0x4b54 libretro_core.a(libretro.o)
                0x0000000087001b0c                state_skip
                0x0000000087001b24                state_eof
                0x0000000087001b38                state_fseek
                0x0000000087001ca0                state_read
                0x0000000087001d5c                state_write
                0x0000000087002530                cache_flush_d_inval_i
                0x0000000087002538                plat_mmap
                0x000000008700265c                plat_mremap
                0x000000008700273c                plat_munmap
                0x0000000087002754                plat_mem_get_for_drc
                0x000000008700275c                plat_mem_set_exec
                0x00000000870027e4                emu_video_mode_change
                0x00000000870037c0                emu_32x_startup
                0x0000000087003848                lprintf
                0x00000000870038a0                retro_set_environment
                0x0000000087003f4c                retro_set_video_refresh
                0x0000000087003f58                retro_set_audio_sample
                0x0000000087003f60                retro_set_audio_sample_batch
                0x0000000087003f6c                retro_set_input_poll
                0x0000000087003f78                retro_set_input_state
                0x0000000087003f84                retro_api_version
                0x0000000087003f8c                retro_set_controller_port_device
                0x0000000087003f94                retro_get_system_info
                0x0000000087003fd0                retro_get_system_av_info
                0x0000000087004128                retro_serialize_size
                0x00000000870041c4                retro_serialize
                0x0000000087004214                retro_unserialize
                0x000000008700426c                retro_cheat_reset
                0x0000000087004334                retro_cheat_set
                0x0000000087004578                retro_load_game
                0x0000000087005414                retro_load_game_special
                0x000000008700541c                retro_unload_game
                0x0000000087005424                retro_get_region
                0x0000000087005434                retro_get_memory_data
                0x00000000870054c0                retro_get_memory_size
                0x0000000087005570                retro_reset
                0x0000000087005578                emu_status_msg
                0x0000000087005604                run_events_pico
                0x0000000087005858                retro_run
                0x00000000870062c4                retro_init
                0x00000000870064b0                retro_deinit
 .text          0x0000000087006568       0x44 libretro_core.a(memmap.o)
                0x0000000087006568                mmap
                0x0000000087006574                munmap
                0x0000000087006594                mprotect
                0x000000008700659c                memsync
                0x00000000870065a4                memprotect
 .text          0x00000000870065ac     0x1a78 libretro_core.a(pico.o)
                0x00000000870065ac                PicoInit
                0x000000008700667c                PicoExit
                0x00000000870066e0                PicoDetectRegion
                0x0000000087006908                PicoReset
                0x0000000087006af0                PicoPower
                0x0000000087006c18                PicoLoopPrepare
                0x0000000087006cf4                PicoSyncZ80
                0x0000000087006d54                PicoFrame
                0x0000000087007f40                PicoFrameDrawOnly
                0x0000000087007f98                PicoGetInternal
 .text          0x0000000087008024     0x3294 libretro_core.a(cart.o)
                0x0000000087009360                pm_open
                0x0000000087009a38                pm_sectorsize
                0x0000000087009a9c                pm_read
                0x000000008700a008                pm_read_audio
                0x000000008700a208                pm_seek
                0x000000008700a484                pm_close
                0x000000008700a554                Byteswap
                0x000000008700a5ac                PicoCartLoad
                0x000000008700ab58                PicoCartInsert
                0x000000008700b1e0                PicoCartResize
                0x000000008700b248                PicoCartUnload
 .text          0x000000008700b2b8     0x4270 libretro_core.a(memory.o)
                0x000000008700b2f8                m68k_read8
                0x000000008700b33c                m68k_read16
                0x000000008700b37c                m68k_read32
                0x000000008700b418                m68k_write8
                0x000000008700b45c                m68k_write16
                0x000000008700b49c                m68k_write32
                0x000000008700bb64                PicoRead8_vdp
                0x000000008700c2d0                z80_map_set
                0x000000008700c41c                cpu68k_map_set
                0x000000008700c5a4                cpu68k_map_read_mem
                0x000000008700c66c                cpu68k_map_all_ram
                0x000000008700c76c                cpu68k_map_read_funcs
                0x000000008700c7ec                cpu68k_map_all_funcs
                0x000000008700c8bc                m68k_map_unmap
                0x000000008700c9b4                PicoSetInputDevice
                0x000000008700ca20                io_ports_read
                0x000000008700ca90                PicoRead8_io
                0x000000008700cb1c                PicoRead16_io
                0x000000008700cbbc                io_ports_write
                0x000000008700cd90                ctl_write_z80busreq
                0x000000008700ce38                ctl_write_z80reset
                0x000000008700cf2c                PicoWrite8_io
                0x000000008700cf98                PicoWrite16_io
                0x000000008700d000                PicoMemSetup
                0x000000008700de4c                ym2612_sync_timers
                0x000000008700ee90                ym2612_pack_state
                0x000000008700f030                ym2612_unpack_state
 .text          0x000000008700f528     0x4518 libretro_core.a(state.o)
                0x0000000087012974                PicoState
                0x0000000087012bd8                PicoStateFP
                0x0000000087012c1c                PicoStateLoadGfx
                0x0000000087013430                PicoTmpStateSave
                0x00000000870136dc                PicoTmpStateRestore
 .text          0x0000000087013a40      0x734 libretro_core.a(sek.o)
                0x0000000087013ab4                SekInit
                0x0000000087013b04                SekReset
                0x0000000087013b3c                SekStepM68k
                0x0000000087013b8c                SekSetRealTAS
                0x0000000087013b94                SekPackCpu
                0x0000000087013c78                SekUnpackCpu
                0x0000000087013d64                SekInitIdleDet
                0x0000000087013d8c                SekIsIdleReady
                0x0000000087013da8                SekIsIdleCode
                0x0000000087013f40                SekRegisterIdlePatch
                0x0000000087014064                SekFinishIdleDet
 .text          0x0000000087014174      0x420 libretro_core.a(z80if.o)
                0x0000000087014174                z80_read
                0x00000000870141c0                z80_init
                0x0000000087014210                z80_reset
                0x0000000087014260                z80_pack
                0x00000000870143c4                z80_unpack
                0x0000000087014568                z80_exit
                0x0000000087014570                z80_debug
 .text          0x0000000087014594     0x4344 libretro_core.a(videoport.o)
                0x00000000870149d8                PicoVideoInit
                0x00000000870156a0                PicoVideoFIFOSync
                0x0000000087015ca8                PicoVideoFIFOWrite
                0x0000000087016594                PicoVideoFIFOHint
                0x00000000870169b4                PicoVideoFIFOMode
                0x0000000087016c84                PicoVideoSync
                0x0000000087016e4c                PicoVideoRead
                0x00000000870171f0                PicoVideoWrite
                0x0000000087017b00                PicoVideoRead8DataH
                0x0000000087017d60                PicoVideoRead8DataL
                0x0000000087017fbc                PicoVideoRead8CtlH
                0x0000000087018280                PicoVideoRead8CtlL
                0x0000000087018540                PicoVideoRead8HV_H
                0x000000008701854c                PicoVideoRead8HV_L
                0x00000000870185a0                PicoVideoCacheSAT
                0x0000000087018680                PicoVideoSave
                0x000000008701872c                PicoVideoLoad
 .text          0x00000000870188d8     0x1750 libretro_core.a(draw2.o)
                0x0000000087019ab8                PicoFrameFull
                0x0000000087019fe4                PicoDraw2SetOutBuf
                0x000000008701a008                PicoDraw2Init
 .text          0x000000008701a028     0x7300 libretro_core.a(draw.o)
                0x000000008701c684                FinalizeLine8bit
                0x000000008701e214                blockcpy_or
                0x000000008701e354                DrawStripInterlaceForced
                0x000000008701fa08                BackFill
                0x000000008701fa30                PicoDoHighPal555_8bit
                0x000000008701fbc8                PicoDoHighPal555
                0x000000008701fcc8                PicoFrameStart
                0x000000008701ffa0                PicoDrawSync
                0x0000000087020488                PicoDrawRefreshSprites
                0x0000000087020558                PicoDrawUpdateHighPal
                0x00000000870206d4                FinalizeLine555
                0x0000000087020d28                PicoDrawSetOutFormat
                0x0000000087020ea8                PicoDrawSetOutBufMD
                0x000000008702104c                PicoDrawSetOutBuf
                0x0000000087021208                PicoDrawSetInternalBuf
                0x0000000087021298                PicoDrawSetCallbacks
                0x00000000870212f8                PicoDrawInit
 .text          0x0000000087021328     0x23e0 libretro_core.a(mode4.o)
                0x00000000870219e4                PicoFrameStartSMS
                0x0000000087021d38                PicoParseSATSMS
                0x00000000870224b0                PicoLineSMS
                0x000000008702318c                PicoDoHighPal555SMS
                0x0000000087023668                PicoDrawSetOutputSMS
 .text          0x0000000087023708      0x1e4 libretro_core.a(misc.o)
                0x0000000087023708                memcpy16bswap
                0x000000008702373c                memset32
                0x0000000087023814                memset32_uncached
 .text          0x00000000870238ec      0xad0 libretro_core.a(eeprom.o)
                0x00000000870238ec                EEPROM_write16
                0x0000000087023c50                EEPROM_write8
                0x0000000087023fe0                EEPROM_read
 .text          0x00000000870243bc     0x12ac libretro_core.a(patch.o)
                0x00000000870243bc                genie_decode_ms
                0x00000000870245c4                ar_decode_ms
                0x0000000087024724                fusion_ram_decode
                0x0000000087024878                fusion_rom_decode
                0x0000000087024a28                decode
                0x0000000087025084                PicoPatchUnload
                0x00000000870250c0                PicoPatchLoad
                0x0000000087025360                PicoPatchPrepare
                0x0000000087025488                PicoPatchApply
 .text          0x0000000087025668     0x1124 libretro_core.a(media.o)
                0x0000000087025d00                PicoCdCheck
                0x00000000870261f0                PicoLoadMedia
 .text          0x000000008702678c     0x260c libretro_core.a(sms.o)
                0x0000000087027c50                PicoPowerMS
                0x0000000087027d44                PicoMemSetupMS
                0x0000000087028130                PicoResetMS
                0x0000000087028544                PicoStateLoadedMS
                0x000000008702871c                PicoFrameMS
                0x0000000087028d14                PicoFrameDrawOnlyMS
 .text          0x0000000087028d98     0x26c4 libretro_core.a(mcd.o)
                0x0000000087029964                PicoInitMCD
                0x000000008702996c                PicoExitMCD
                0x00000000870299ac                PicoPowerMCD
                0x0000000087029b44                pcd_soft_reset
                0x0000000087029c48                PicoResetMCD
                0x0000000087029cd8                PicoMCDPrepare
                0x0000000087029d20                pcd_cycles_m68k_to_s68k
                0x0000000087029d44                pcd_event_schedule
                0x0000000087029dac                pcd_event_schedule_s68k
                0x0000000087029e48                pcd_irq_s68k
                0x0000000087029e98                pcd_sync_s68k
                0x000000008702a28c                pcd_run_cpus
                0x000000008702a4c0                pcd_run_cpus_lockstep
                0x000000008702a5e0                pcd_prepare_frame
                0x000000008702a604                PicoFrameMCD
                0x000000008702b1a4                pcd_state_loaded
 .text          0x000000008702b45c     0x5698 libretro_core.a(memory.o)
                0x000000008702b45c                s68k_read8
                0x000000008702b4a0                s68k_read16
                0x000000008702b4e0                s68k_read32
                0x000000008702b57c                s68k_write8
                0x000000008702b5c0                s68k_write16
                0x000000008702b600                s68k_write32
                0x000000008702dda0                PicoWrite16_mcd_io
                0x000000008702e6a8                PicoWrite8_mcd_io
                0x000000008702f9e4                m68k_comm_check
                0x000000008702fb5c                PicoRead16_mcd_io
                0x000000008702fd00                PicoRead8_mcd_io
                0x000000008702fec0                pcd_stopwatch_read
                0x000000008702ff68                s68k_poll_detect
                0x0000000087030058                s68k_reg_write16
                0x0000000087030288                pcd_state_loaded_mem
                0x00000000870305bc                PicoMemSetupCD
 .text          0x0000000087030af4      0x1cc libretro_core.a(sek.o)
                0x0000000087030b6c                SekInitS68k
                0x0000000087030bbc                SekResetS68k
                0x0000000087030bf4                SekInterruptS68k
                0x0000000087030c48                SekInterruptClearS68k
 .text          0x0000000087030cc0     0x101c libretro_core.a(cdc.o)
                0x0000000087030cc0                cdc_init
                0x0000000087030cd4                cdc_reset
                0x0000000087030d30                cdc_context_save
                0x0000000087030dd4                cdc_context_load
                0x0000000087030ea8                cdc_context_load_old
                0x0000000087031054                cdc_dma_update
                0x0000000087031398                cdc_decoder_update
                0x00000000870314bc                cdc_reg_w
                0x000000008703192c                cdc_reg_r
                0x0000000087031ba0                cdc_host_r
 .text          0x0000000087031cdc     0x1fe0 libretro_core.a(cdd.o)
                0x0000000087031cdc                cdd_reset
                0x0000000087031d08                cdd_context_save
                0x0000000087031d90                cdd_context_load
                0x0000000087031f08                cdd_context_load_old
                0x0000000087031f24                cdd_unload
                0x00000000870320c4                cdd_load
                0x00000000870325e0                cdd_read_data
                0x00000000870326a8                cdd_update
                0x0000000087032ad0                cdd_process
 .text          0x0000000087033cbc      0xb90 libretro_core.a(cd_image.o)
                0x0000000087033dfc                load_cd_image
 .text          0x000000008703484c     0x1858 libretro_core.a(cd_parse.o)
                0x000000008703484c                chd_parse
                0x0000000087034c88                cue_parse
                0x0000000087036028                cdparse_destroy
 .text          0x00000000870360a4      0xe24 libretro_core.a(gfx.o)
                0x00000000870360a4                gfx_init
                0x0000000087036454                gfx_context_save
                0x0000000087036500                gfx_context_load
                0x00000000870365b0                gfx_start
                0x0000000087036778                gfx_update
 .text          0x0000000087036ec8      0x374 libretro_core.a(gfx_dma.o)
                0x0000000087036ec8                DmaSlowCell
 .text          0x000000008703723c       0x80 libretro_core.a(misc.o)
                0x000000008703723c                wram_2M_to_1M
                0x000000008703727c                wram_1M_to_2M
 .text          0x00000000870372bc      0x5e8 libretro_core.a(pcm.o)
                0x00000000870372bc                pcd_pcm_sync
                0x000000008703751c                pcd_pcm_write
                0x000000008703766c                pcd_pcm_read
                0x0000000087037724                pcd_pcm_update
 .text          0x00000000870378a4     0x3448 libretro_core.a(32x.o)
                0x000000008703804c                p32x_update_irls
                0x0000000087038258                p32x_trigger_irq
                0x000000008703849c                p32x_update_cmd_irq
                0x00000000870386fc                Pico32xStartup
                0x00000000870388a0                Pico32xShutdown
                0x0000000087038930                p32x_reset_sh2s
                0x0000000087038af4                Pico32xInit
                0x0000000087038afc                PicoPower32x
                0x0000000087038b3c                PicoUnload32x
                0x0000000087038c14                PicoReset32x
                0x0000000087038e2c                p32x_schedule_hint
                0x0000000087038f90                p32x_event_schedule
                0x0000000087038fd0                p32x_event_schedule_sh2
                0x00000000870390a8                p32x_sync_other_sh2
                0x00000000870391f4                p32x_sync_sh2s
                0x0000000087039224                sync_sh2s_lockstep
                0x00000000870392c8                PicoFrame32x
                0x000000008703a9a0                Pico32xSetClocks
                0x000000008703aa90                Pico32xStateLoaded
                0x000000008703ac40                Pico32xPrepare
 .text          0x000000008703acec     0x6bc0 libretro_core.a(memory.o)
                0x000000008703bf9c                p32x_m68k_poll_event
                0x000000008703c020                p32x_sh2_poll_detect
                0x000000008703ca8c                p32x_sh2_poll_event
                0x000000008703d3ec                p32x_sh2_poll_memory8
                0x000000008703d518                p32x_sh2_poll_memory16
                0x000000008703d618                p32x_sh2_poll_memory32
                0x000000008703d730                PicoRead8_32x
                0x000000008703d798                PicoRead16_32x
                0x000000008703d7f8                PicoWrite8_32x
                0x000000008703d8f0                PicoWrite16_32x
                0x000000008703da2c                sh2_sdram_checks
                0x000000008703dc14                sh2_sdram_checks_l
                0x000000008703df04                p32x_sh2_read8
                0x000000008703df40                p32x_sh2_read16
                0x000000008703df78                p32x_sh2_read32
                0x000000008703dfbc                p32x_sh2_write8
                0x000000008703dfd8                p32x_sh2_write16
                0x000000008703dff4                p32x_sh2_write32
                0x000000008703e010                p32x_sh2_get_mem_ptr
                0x000000008703e0a0                p32x_sh2_mem_is_rom
                0x000000008703e0ec                p32x_sh2_memcpy
                0x000000008703e550                Pico32xSwapDRAM
                0x0000000087040384                PicoMemSetup32x
                0x000000008704154c                p32x_update_banks
                0x00000000870417e8                Pico32xMemStateLoaded
 .text          0x00000000870418ac     0x1b74 libretro_core.a(draw.o)
                0x0000000087042bfc                FinalizeLine32xRGB555
                0x0000000087042f90                PicoDraw32xLayer
                0x00000000870431d4                PicoDraw32xLayerMdOnly
                0x0000000087043360                PicoDrawSetOutFormat32x
                0x00000000870433f0                PicoDrawSetOutBuf32X
 .text          0x0000000087043420     0x1764 libretro_core.a(sh2soc.o)
                0x0000000087043a28                p32x_timers_recalc
                0x0000000087043b74                p32x_timer_do
                0x0000000087043c4c                sh2_peripheral_reset
                0x0000000087043ca0                sh2_peripheral_read8
                0x0000000087043d38                sh2_peripheral_read16
                0x0000000087043dcc                sh2_peripheral_read32
                0x0000000087043e5c                sh2_peripheral_write8
                0x0000000087044014                sh2_peripheral_write16
                0x00000000870441e0                sh2_peripheral_write32
                0x0000000087044450                p32x_dreq0_trigger
                0x0000000087044684                p32x_dreq1_trigger
 .text          0x0000000087044b84     0x13d8 libretro_core.a(pwm.o)
                0x0000000087044e20                p32x_pwm_ctl_changed
                0x0000000087044eb4                p32x_pwm_schedule
                0x0000000087044fb4                p32x_pwm_schedule_sh2
                0x00000000870450f0                p32x_pwm_sync_to_sh2
                0x00000000870453d4                p32x_pwm_irq_event
                0x00000000870454d4                p32x_pwm_read16
                0x000000008704582c                p32x_pwm_write16
                0x0000000087045bf0                p32x_pwm_update
                0x0000000087045e58                p32x_pwm_state_loaded
 .text          0x0000000087045f5c      0x28c libretro_core.a(pico.o)
                0x0000000087046064                PicoReratePico
                0x00000000870460e8                PicoInitPico
 .text          0x00000000870461e8      0x28c libretro_core.a(memory.o)
                0x00000000870463b4                PicoMemSetupPico
 .text          0x0000000087046474      0x490 libretro_core.a(xpcm.o)
                0x0000000087046474                PicoPicoPCMReset
                0x00000000870464a4                PicoPicoPCMRerate
                0x00000000870464c8                PicoPicoPCMUpdate
 .text          0x0000000087046904     0x4594 libretro_core.a(carthw.o)
                0x0000000087048b38                carthw_ssf2_write8
                0x0000000087048c60                carthw_ssf2_write16
                0x000000008704a77c                carthw_ssf2_startup
                0x000000008704a83c                carthw_Xin1_startup
                0x000000008704a8ac                carthw_realtec_startup
                0x000000008704a99c                carthw_radica_startup
                0x000000008704aa0c                carthw_pier_startup
                0x000000008704abd8                carthw_sf001_startup
                0x000000008704ac1c                carthw_sf002_startup
                0x000000008704ac60                carthw_sf004_startup
                0x000000008704aca4                carthw_sprot_new_location
                0x000000008704ad04                carthw_sprot_startup
                0x000000008704ad64                carthw_lk3_startup
                0x000000008704ae28                carthw_smw64_startup
 .text          0x000000008704ae98      0x398 libretro_core.a(eeprom_spi.o)
                0x000000008704ae98                eeprom_spi_init
                0x000000008704aed0                eeprom_spi_write
                0x000000008704b224                eeprom_spi_read
 .text          0x000000008704b230      0x244 libretro_core.a(svp.o)
                0x000000008704b330                PicoSVPInit
                0x000000008704b338                PicoSVPStartup
 .text          0x000000008704b474      0x458 libretro_core.a(memory.o)
                0x000000008704b728                PicoSVPMemSetup
 .text          0x000000008704b8cc     0x3908 libretro_core.a(ssp16.o)
                0x000000008704d500                ssp1601_reset
                0x000000008704d528                ssp1601_run
 .text          0x000000008704f1d4     0x1a5c libretro_core.a(sound.o)
                0x000000008704f230                YM2413GetRegs
                0x000000008704f294                YM2413UnpackState
                0x000000008704f318                PsndInit
                0x000000008704f360                PsndExit
                0x000000008704f3a4                PsndStartFrame
                0x000000008704f3e8                PsndDoDAC
                0x000000008704f558                PsndDoPSG
                0x000000008704f5dc                YM2413_regWrite
                0x000000008704f5f0                YM2413_dataWrite
                0x000000008704f604                PsndDoFM
                0x000000008704f690                cdda_start_play
                0x000000008704f748                PsndClear
                0x000000008704f858                PsndRerate
                0x0000000087050018                PsndReset
                0x00000000870504fc                PsndGetSamples
                0x0000000087050924                PsndGetSamplesMS
 .text          0x0000000087050c30      0xb78 libretro_core.a(resampler.o)
                0x0000000087050c30                resampler_free
                0x0000000087050c78                resampler_new
                0x0000000087051430                resampler_update
 .text          0x00000000870517a8      0x728 libretro_core.a(sn76496.o)
                0x00000000870517a8                SN76496Write
                0x0000000087051964                SN76496Update
                0x0000000087051d04                SN76496_init
 .text          0x0000000087051ed0     0xb890 libretro_core.a(ym2612.o)
                0x00000000870543a8                YM2612UpdateOne_
                0x0000000087056d38                YM2612ResetChip_
                0x0000000087057bf4                YM2612Init_
                0x000000008705b648                YM2612Write_
                0x000000008705c390                YM2612PicoStateLoad_
                0x000000008705c770                YM2612PicoStateSave2
                0x000000008705ca90                YM2612PicoStateLoad2
                0x000000008705d754                YM2612GetRegs
 .text          0x000000008705d760     0x97dc libretro_core.a(emu2413.o)
                0x00000000870607a4                OPLL_RateConv_new
                0x0000000087060d4c                OPLL_RateConv_reset
                0x0000000087060dbc                OPLL_RateConv_putData
                0x0000000087060e00                OPLL_RateConv_getData
                0x00000000870615f8                OPLL_RateConv_delete
                0x0000000087061668                OPLL_new
                0x0000000087061ca0                OPLL_delete
                0x0000000087061d28                OPLL_reset
                0x0000000087061d40                OPLL_forceRefresh
                0x000000008706212c                OPLL_setRate
                0x000000008706285c                OPLL_setQuality
                0x0000000087062864                OPLL_setChipType
                0x000000008706286c                OPLL_writeReg
                0x000000008706396c                OPLL_writeIO
                0x0000000087064a90                OPLL_setPan
                0x0000000087064aa0                OPLL_setPanFine
                0x0000000087064acc                OPLL_dumpToPatch
                0x0000000087064c18                OPLL_getDefaultPatch
                0x0000000087064d88                OPLL_setPatch
                0x0000000087064fb8                OPLL_patchToDump
                0x00000000870650bc                OPLL_copyPatch
                0x000000008706513c                OPLL_resetPatch
                0x00000000870651f0                OPLL_calc
                0x0000000087065c04                OPLL_calcStereo
                0x0000000087066f00                OPLL_setMask
                0x0000000087066f1c                OPLL_toggleMask
 .text          0x0000000087066f3c      0x4f4 libretro_core.a(mix.o)
                0x0000000087066f3c                mix_32_to_16l_stereo_lvl
                0x000000008706708c                mix_32_to_16l_stereo
                0x00000000870671c4                mix_32_to_16_mono
                0x000000008706725c                mix_16h_to_32
                0x0000000087067290                mix_16h_to_32_s1
                0x00000000870672e0                mix_16h_to_32_s2
                0x0000000087067330                mix_16h_to_32_resample_stereo
                0x0000000087067394                mix_16h_to_32_resample_mono
                0x00000000870673f0                mix_reset
 .text          0x0000000087067430    0x5e008 libretro_core.a(famec.o)
                0x0000000087067510                fm68k_get_pc
                0x0000000087067518                fm68k_would_interrupt
                0x0000000087067530                fm68k_emulate
                0x00000000870c534c                fm68k_init
                0x00000000870c5370                fm68k_reset
                0x00000000870c5418                fm68k_idle_install
                0x00000000870c5428                fm68k_idle_remove
 .text          0x00000000870c5438     0x7a70 libretro_core.a(cz80.o)
                0x00000000870c5440                Cz80_Init
                0x00000000870c58b0                Cz80_Reset
                0x00000000870c58ec                Cz80_Exec
                0x00000000870ccc0c                Cz80_Set_IRQ
                0x00000000870ccc74                Cz80_Get_Reg
                0x00000000870ccd48                Cz80_Set_Reg
                0x00000000870cce3c                Cz80_Set_Fetch
                0x00000000870cce80                Cz80_Set_ReadB
                0x00000000870cce88                Cz80_Set_WriteB
                0x00000000870cce90                Cz80_Set_INPort
                0x00000000870cce98                Cz80_Set_OUTPort
                0x00000000870ccea0                Cz80_Set_IRQ_Callback
 .text          0x00000000870ccea8      0x3b4 libretro_core.a(sh2.o)
                0x00000000870ccea8                sh2_init
                0x00000000870ccf0c                sh2_finish
                0x00000000870ccf14                sh2_reset
                0x00000000870ccf64                sh2_do_irq
                0x00000000870cd01c                sh2_irl_irq
                0x00000000870cd148                sh2_internal_irq
                0x00000000870cd16c                sh2_pack
                0x00000000870cd1e0                sh2_unpack
 .text          0x00000000870cd25c    0x2733c libretro_core.a(compiler.o)
                0x00000000870de0f8                sh2_drc_wcheck_ram
                0x00000000870de238                sh2_drc_wcheck_da
                0x00000000870de448                sh2_execute_drc
                0x00000000870de4bc                entry_stats
                0x00000000870de4c4                sh2_drc_flush_all
                0x00000000870deb6c                sh2_drc_mem_setup
                0x00000000870deb9c                sh2_drc_init
                0x00000000870e38e8                sh2_drc_finish
                0x00000000870e3908                scan_block
 .text          0x00000000870f4598     0x30ec libretro_core.a(sh2pico.o)
                0x00000000870f5010                sh2_execute_interpreter
 .text          0x00000000870f7684      0x4fc libretro_core.a(mp3.o)
                0x00000000870f7684                mp3_get_bitrate
                0x00000000870f7834                mp3_start_play
                0x00000000870f79d8                mp3_update
 .text          0x00000000870f7b80       0x94 libretro_core.a(mp3_sync.o)
                0x00000000870f7b80                mp3_find_sync_word
 .text          0x00000000870f7c14    0x10a18 libretro_core.a(mp3_drmp3.o)
                0x00000000870fa988                drmp3_version
                0x00000000870fa9b4                drmp3_version_string
                0x00000000870fa9c0                drmp3dec_init
                0x00000000870fa9c8                drmp3dec_decode_frame
                0x0000000087104010                drmp3dec_f32_to_s16
                0x000000008710413c                drmp3_init
                0x0000000087104664                drmp3_init_memory
                0x0000000087104848                drmp3_init_file
                0x0000000087104de4                drmp3_init_file_w
                0x00000000871051b8                drmp3_uninit
                0x0000000087105238                drmp3_read_pcm_frames_f32
                0x0000000087105260                drmp3_read_pcm_frames_s16
                0x00000000871057f4                drmp3_seek_to_pcm_frame
                0x000000008710639c                drmp3_get_mp3_and_pcm_frame_count
                0x00000000871063c0                drmp3_get_pcm_frame_count
                0x0000000087106418                drmp3_get_mp3_frame_count
                0x0000000087106470                drmp3_calculate_seek_points
                0x0000000087106e04                drmp3_bind_seek_table
                0x0000000087106e44                drmp3_open_and_read_pcm_frames_f32
                0x000000008710727c                drmp3_open_and_read_pcm_frames_s16
                0x00000000871076b4                drmp3_open_memory_and_read_pcm_frames_f32
                0x00000000871078a8                drmp3_open_memory_and_read_pcm_frames_s16
                0x0000000087107a9c                drmp3_open_file_and_read_pcm_frames_f32
                0x0000000087107f64                drmp3_open_file_and_read_pcm_frames_s16
                0x000000008710842c                drmp3_malloc
                0x0000000087108474                drmp3_free
                0x00000000871084a8                mp3dec_start
                0x00000000871084b8                mp3dec_decode
 .text          0x000000008710862c     0x7f90 libretro_core.a(libchdr_chd.o)
                0x000000008710aeb8                crc16
                0x000000008710af08                chd_precache
                0x000000008710b010                chd_close
                0x000000008710b398                chd_core_file
                0x000000008710b3a0                chd_error_string
                0x000000008710b3cc                chd_get_header
                0x000000008710b3f8                chd_read
                0x000000008710b43c                chd_get_metadata
                0x000000008710b920                chd_open_file
                0x000000008710cee0                chd_read_header
                0x000000008710da4c                chd_open
                0x000000008710f014                chd_open_core_file
                0x00000000871105a8                chd_codec_config
                0x00000000871105b0                chd_get_codec_name
 .text          0x00000000871105bc      0x518 libretro_core.a(libchdr_cdrom.o)
                0x00000000871105bc                ecc_compute_bytes
                0x00000000871106c4                ecc_verify
                0x00000000871108c8                ecc_generate
                0x0000000087110a98                ecc_clear
 .text          0x0000000087110ad4    0x1510c libretro_core.a(libchdr_flac.o)
                0x00000000871238a8                drflac_version
                0x00000000871238d4                drflac_version_string
                0x00000000871238e0                drflac_open_memory
                0x0000000087123958                drflac_open_memory_with_metadata
                0x00000000871239d4                drflac_open
                0x00000000871239fc                drflac_open_relaxed
                0x0000000087123a24                drflac_open_with_metadata
                0x0000000087123a50                drflac_open_with_metadata_relaxed
                0x0000000087123a80                drflac_close
                0x0000000087123aa4                drflac_read_pcm_frames_s32
                0x0000000087123c60                drflac_read_pcm_frames_s16
                0x0000000087123e1c                drflac_read_pcm_frames_f32
                0x0000000087123fd8                drflac_seek_to_pcm_frame
                0x0000000087124f2c                drflac_open_and_read_pcm_frames_s32
                0x0000000087124fd0                drflac_open_and_read_pcm_frames_s16
                0x0000000087125074                drflac_open_and_read_pcm_frames_f32
                0x0000000087125118                drflac_open_memory_and_read_pcm_frames_s32
                0x00000000871251f0                drflac_open_memory_and_read_pcm_frames_s16
                0x00000000871252c8                drflac_open_memory_and_read_pcm_frames_f32
                0x00000000871253a0                drflac_free
                0x00000000871253d4                drflac_init_vorbis_comment_iterator
                0x00000000871253ec                drflac_next_vorbis_comment
                0x0000000087125444                drflac_init_cuesheet_track_iterator
                0x000000008712545c                drflac_next_cuesheet_track
                0x00000000871255ac                flac_decoder_init
                0x00000000871255e0                flac_decoder_free
                0x0000000087125634                flac_decoder_reset
                0x0000000087125784                flac_decoder_decode_interleaved
                0x0000000087125b1c                flac_decoder_finish
 .text          0x0000000087125be0      0x274 libretro_core.a(libchdr_bitstream.o)
                0x0000000087125be0                bitstream_overflow
                0x0000000087125c08                create_bitstream
                0x0000000087125c50                bitstream_peek
                0x0000000087125d00                bitstream_remove
                0x0000000087125d1c                bitstream_read
                0x0000000087125dfc                bitstream_read_offset
                0x0000000087125e24                bitstream_flush
 .text          0x0000000087125e54     0x1130 libretro_core.a(libchdr_huffman.o)
                0x0000000087125ec8                create_huffman_decoder
                0x0000000087125f6c                delete_huffman_decoder
                0x0000000087125fc4                huffman_decode_one
                0x000000008712601c                huffman_build_tree
                0x0000000087126348                huffman_assign_canonical_codes
                0x0000000087126498                huffman_compute_tree_from_histo
                0x0000000087126580                huffman_import_tree_rle
                0x000000008712687c                huffman_import_tree_huffman
                0x0000000087126de8                huffman_build_lookup_table
 .text          0x0000000087126f84     0x43f8 libretro_core.a(gzio.o)
                0x0000000087127a14                gzsetparams
                0x0000000087127ae4                destroy
                0x0000000087127bf8                gzdopen
                0x0000000087127f38                gzopen
                0x0000000087128250                gzread
                0x0000000087128b00                gzgetc
                0x0000000087129394                gzungetc
                0x0000000087129400                gzgets
                0x0000000087129cc0                gzwrite
                0x0000000087129e0c                gzprintf
                0x0000000087129f78                gzputc
                0x000000008712a0a0                gzputs
                0x000000008712a1c4                gzflush
                0x000000008712a358                gzseek
                0x000000008712af0c                gzrewind
                0x000000008712afd0                gztell
                0x000000008712afdc                gzeof
                0x000000008712b020                gzdirect
                0x000000008712b048                gzclose
                0x000000008712b1e8                gzerror
 .text          0x000000008712b37c     0x2e38 libretro_core.a(inflate.o)
                0x000000008712b37c                inflateReset
                0x000000008712b3f0                inflatePrime
                0x000000008712b458                inflateInit2_
                0x000000008712b5e8                inflateInit_
                0x000000008712b714                inflate
                0x000000008712d914                inflateEnd
                0x000000008712d98c                inflateSetDictionary
                0x000000008712dc0c                inflateGetHeader
                0x000000008712dc48                inflateSync
                0x000000008712df54                inflateSyncPoint
                0x000000008712df90                inflateCopy
 .text          0x000000008712e1b4      0xabc libretro_core.a(inftrees.o)
                0x000000008712e1b4                inflate_table
 .text          0x000000008712ec70     0x3574 libretro_core.a(deflate.o)
                0x0000000087130270                deflateSetDictionary
                0x00000000871303e8                deflateReset
                0x0000000087130558                deflateSetHeader
                0x000000008713058c                deflatePrime
                0x00000000871305c8                deflateTune
                0x00000000871305fc                deflateBound
                0x0000000087130650                deflate
                0x00000000871317e8                deflateParams
                0x0000000087131900                deflateEnd
                0x0000000087131a48                deflateInit2_
                0x0000000087131d30                deflateInit_
                0x0000000087131f54                deflateCopy
 .text          0x00000000871321e4      0x9b0 libretro_core.a(crc32.o)
                0x00000000871321e4                get_crc_table
                0x00000000871321f0                crc32
                0x0000000087132998                crc32_combine
 .text          0x0000000087132b94      0x66c libretro_core.a(adler32.o)
                0x0000000087132b94                adler32
                0x0000000087133120                adler32_combine
 .text          0x0000000087133200       0x44 libretro_core.a(zutil.o)
                0x0000000087133200                zlibVersion
                0x000000008713320c                zlibCompileFlags
                0x0000000087133214                zError
                0x0000000087133234                zcalloc
                0x000000008713323c                zcfree
 .text          0x0000000087133244      0x1a8 libretro_core.a(compress.o)
                0x0000000087133244                compress2
                0x000000008713330c                compress
                0x00000000871333d4                compressBound
 .text          0x00000000871333ec      0xcbc libretro_core.a(unzip.o)
                0x00000000871333ec                openzip
                0x000000008713380c                readzip
                0x0000000087133a4c                closezip
                0x0000000087133aa8                suspendzip
                0x0000000087133ae8                rewindzip
                0x0000000087133af0                seekcompresszip
                0x0000000087133c18                readcompresszip
                0x0000000087133d90                readuncompresszip
 .text          0x00000000871340a8       0x78 libretro_core.a(cmn.o)
                0x00000000871340a8                drc_cmn_init
                0x0000000087134118                drc_cmn_cleanup
 .text          0x0000000087134120      0xb4c libretro_core.a(inffast.o)
                0x0000000087134120                inflate_fast
 .text          0x0000000087134c6c     0x2910 libretro_core.a(trees.o)
                0x0000000087136430                _tr_init
                0x00000000871364dc                _tr_stored_block
                0x0000000087136694                _tr_align
                0x00000000871369d0                _tr_flush_block
                0x0000000087137494                _tr_tally
 .text.strcasestr_retro__
                0x000000008713757c      0x11c libretro-common.a(compat_strcasestr.o)
                0x000000008713757c                strcasestr_retro__
 .text.rhmap__free
                0x0000000087137698       0x78 libretro-common.a(config_file.o)
 .text.config_file_extract_value
                0x0000000087137710      0x150 libretro-common.a(config_file.o)
 .text.rhmap__grow.constprop.7
                0x0000000087137860      0x214 libretro-common.a(config_file.o)
 .text.rhmap__idx.part.0
                0x0000000087137a74      0x22c libretro-common.a(config_file.o)
 .text.config_file_add_reference
                0x0000000087137ca0       0x94 libretro-common.a(config_file.o)
                0x0000000087137ca0                config_file_add_reference
 .text.config_file_deinitialize
                0x0000000087137d34      0x11c libretro-common.a(config_file.o)
                0x0000000087137d34                config_file_deinitialize
 .text.config_file_parse_line.isra.3
                0x0000000087137e50      0x62c libretro-common.a(config_file.o)
 .text.config_file_load_internal
                0x000000008713847c      0x2e8 libretro-common.a(config_file.o)
 .text.config_file_free
                0x0000000087138764       0x38 libretro-common.a(config_file.o)
                0x0000000087138764                config_file_free
 .text.config_file_new_alloc
                0x000000008713879c       0x4c libretro-common.a(config_file.o)
                0x000000008713879c                config_file_new_alloc
 .text.config_file_new_from_string
                0x00000000871387e8      0x284 libretro-common.a(config_file.o)
                0x00000000871387e8                config_file_new_from_string
 .text.config_file_new_from_path_to_string
                0x0000000087138a6c       0x9c libretro-common.a(config_file.o)
                0x0000000087138a6c                config_file_new_from_path_to_string
 .text.config_get_entry
                0x0000000087138b08      0x108 libretro-common.a(config_file.o)
                0x0000000087138b08                config_get_entry
 .text.path_linked_list_new
                0x0000000087138c10       0x24 libretro-common.a(file_path.o)
                0x0000000087138c10                path_linked_list_new
 .text.path_linked_list_free
                0x0000000087138c34       0x60 libretro-common.a(file_path.o)
                0x0000000087138c34                path_linked_list_free
 .text.path_linked_list_add_path
                0x0000000087138c94       0x98 libretro-common.a(file_path.o)
                0x0000000087138c94                path_linked_list_add_path
 .text.path_get_archive_delim
                0x0000000087138d2c      0x150 libretro-common.a(file_path.o)
                0x0000000087138d2c                path_get_archive_delim
 .text.find_last_slash
                0x0000000087138e7c       0x4c libretro-common.a(file_path.o)
                0x0000000087138e7c                find_last_slash
 .text.path_basedir.part.2
                0x0000000087138ec8       0x54 libretro-common.a(file_path.o)
 .text.path_basename
                0x0000000087138f1c       0x48 libretro-common.a(file_path.o)
                0x0000000087138f1c                path_basename
 .text.path_remove_extension
                0x0000000087138f64       0x74 libretro-common.a(file_path.o)
                0x0000000087138f64                path_remove_extension
 .text.fill_pathname_base
                0x0000000087138fd8       0x70 libretro-common.a(file_path.o)
                0x0000000087138fd8                fill_pathname_base
 .text.path_relative_to
                0x0000000087139048      0x118 libretro-common.a(file_path.o)
                0x0000000087139048                path_relative_to
 .text.fill_pathname_resolve_relative
                0x0000000087139160       0xcc libretro-common.a(file_path.o)
                0x0000000087139160                fill_pathname_resolve_relative
 .text.fill_pathname_abbreviated_or_relative
                0x000000008713922c      0x288 libretro-common.a(file_path.o)
                0x000000008713922c                fill_pathname_abbreviated_or_relative
 .text.path_is_valid
                0x00000000871394b4       0x28 libretro-common.a(file_path_io.o)
                0x00000000871394b4                path_is_valid
 .text.filestream_vfs_init
                0x00000000871394dc      0x12c libretro-common.a(file_stream.o)
                0x00000000871394dc                filestream_vfs_init
 .text.filestream_get_size
                0x0000000087139608       0x6c libretro-common.a(file_stream.o)
                0x0000000087139608                filestream_get_size
 .text.filestream_open
                0x0000000087139674       0x5c libretro-common.a(file_stream.o)
                0x0000000087139674                filestream_open
 .text.filestream_seek
                0x00000000871396d0       0x74 libretro-common.a(file_stream.o)
                0x00000000871396d0                filestream_seek
 .text.filestream_tell
                0x0000000087139744       0x74 libretro-common.a(file_stream.o)
                0x0000000087139744                filestream_tell
 .text.filestream_eof
                0x00000000871397b8       0x58 libretro-common.a(file_stream.o)
                0x00000000871397b8                filestream_eof
 .text.filestream_read
                0x0000000087139810       0x6c libretro-common.a(file_stream.o)
                0x0000000087139810                filestream_read
 .text.filestream_getc
                0x000000008713987c       0x4c libretro-common.a(file_stream.o)
                0x000000008713987c                filestream_getc
 .text.filestream_gets
                0x00000000871398c8       0xbc libretro-common.a(file_stream.o)
                0x00000000871398c8                filestream_gets
 .text.filestream_flush
                0x0000000087139984       0x5c libretro-common.a(file_stream.o)
                0x0000000087139984                filestream_flush
 .text.filestream_write
                0x00000000871399e0       0x6c libretro-common.a(file_stream.o)
                0x00000000871399e0                filestream_write
 .text.filestream_putc
                0x0000000087139a4c       0x58 libretro-common.a(file_stream.o)
                0x0000000087139a4c                filestream_putc
 .text.filestream_vprintf
                0x0000000087139aa4       0x80 libretro-common.a(file_stream.o)
                0x0000000087139aa4                filestream_vprintf
 .text.filestream_error
                0x0000000087139b24       0x18 libretro-common.a(file_stream.o)
                0x0000000087139b24                filestream_error
 .text.filestream_close
                0x0000000087139b3c       0x60 libretro-common.a(file_stream.o)
                0x0000000087139b3c                filestream_close
 .text.filestream_read_file
                0x0000000087139b9c      0x168 libretro-common.a(file_stream.o)
                0x0000000087139b9c                filestream_read_file
 .text.filestream_getline
                0x0000000087139d04      0x15c libretro-common.a(file_stream.o)
                0x0000000087139d04                filestream_getline
 .text.rfopen   0x0000000087139e60      0x110 libretro-common.a(file_stream_transforms.o)
                0x0000000087139e60                rfopen
 .text.rfclose  0x0000000087139f70       0x18 libretro-common.a(file_stream_transforms.o)
                0x0000000087139f70                rfclose
 .text.rftell   0x0000000087139f88       0x1c libretro-common.a(file_stream_transforms.o)
                0x0000000087139f88                rftell
 .text.rfseek   0x0000000087139fa4       0x48 libretro-common.a(file_stream_transforms.o)
                0x0000000087139fa4                rfseek
 .text.rfread   0x0000000087139fec       0x64 libretro-common.a(file_stream_transforms.o)
                0x0000000087139fec                rfread
 .text.rfgets   0x000000008713a050       0x20 libretro-common.a(file_stream_transforms.o)
                0x000000008713a050                rfgets
 .text.rfwrite  0x000000008713a070       0x64 libretro-common.a(file_stream_transforms.o)
                0x000000008713a070                rfwrite
 .text.rfputc   0x000000008713a0d4       0x1c libretro-common.a(file_stream_transforms.o)
                0x000000008713a0d4                rfputc
 .text.rfflush  0x000000008713a0f0       0x30 libretro-common.a(file_stream_transforms.o)
                0x000000008713a0f0                rfflush
 .text.rfprintf
                0x000000008713a120       0x38 libretro-common.a(file_stream_transforms.o)
                0x000000008713a120                rfprintf
 .text.rferror  0x000000008713a158        0x8 libretro-common.a(file_stream_transforms.o)
                0x000000008713a158                rferror
 .text.rfeof    0x000000008713a160        0x8 libretro-common.a(file_stream_transforms.o)
                0x000000008713a160                rfeof
 .text.string_to_lower
                0x000000008713a168       0x80 libretro-common.a(stdstring.o)
                0x000000008713a168                string_to_lower
 .text.retro_vfs_file_seek_internal
                0x000000008713a1e8       0x68 libretro-common.a(vfs_implementation.o)
                0x000000008713a1e8                retro_vfs_file_seek_internal
 .text.retro_vfs_file_close_impl
                0x000000008713a250       0xa0 libretro-common.a(vfs_implementation.o)
                0x000000008713a250                retro_vfs_file_close_impl
 .text.retro_vfs_file_size_impl
                0x000000008713a2f0       0x20 libretro-common.a(vfs_implementation.o)
                0x000000008713a2f0                retro_vfs_file_size_impl
 .text.retro_vfs_file_tell_impl
                0x000000008713a310       0x5c libretro-common.a(vfs_implementation.o)
                0x000000008713a310                retro_vfs_file_tell_impl
 .text.retro_vfs_file_open_impl
                0x000000008713a36c      0x1b4 libretro-common.a(vfs_implementation.o)
                0x000000008713a36c                retro_vfs_file_open_impl
 .text.retro_vfs_file_seek_impl
                0x000000008713a520        0x8 libretro-common.a(vfs_implementation.o)
                0x000000008713a520                retro_vfs_file_seek_impl
 .text.retro_vfs_file_read_impl
                0x000000008713a528       0x68 libretro-common.a(vfs_implementation.o)
                0x000000008713a528                retro_vfs_file_read_impl
 .text.retro_vfs_file_write_impl
                0x000000008713a590      0x184 libretro-common.a(vfs_implementation.o)
                0x000000008713a590                retro_vfs_file_write_impl
 .text.retro_vfs_file_flush_impl
                0x000000008713a714       0x38 libretro-common.a(vfs_implementation.o)
                0x000000008713a714                retro_vfs_file_flush_impl
 .text.retro_vfs_stat_impl
                0x000000008713a74c       0x94 libretro-common.a(vfs_implementation.o)
                0x000000008713a74c                retro_vfs_stat_impl
 .text.LzmaDec_WriteRem
                0x000000008713a7e0       0xb8 libretro-common.a(LzmaDec.o)
 .text.LzmaDec_DecodeReal2
                0x000000008713a898     0x16d0 libretro-common.a(LzmaDec.o)
 .text.LzmaDec_TryDummy
                0x000000008713bf68      0x73c libretro-common.a(LzmaDec.o)
 .text.LzmaDec_AllocateProbs2.isra.1
                0x000000008713c6a4       0xb4 libretro-common.a(LzmaDec.o)
 .text.LzmaProps_Decode.part.2
                0x000000008713c758       0xa4 libretro-common.a(LzmaDec.o)
 .text.LzmaDec_Init
                0x000000008713c7fc       0x1c libretro-common.a(LzmaDec.o)
                0x000000008713c7fc                LzmaDec_Init
 .text.LzmaDec_DecodeToDic
                0x000000008713c818      0x4b8 libretro-common.a(LzmaDec.o)
                0x000000008713c818                LzmaDec_DecodeToDic
 .text.LzmaDec_DecodeToBuf
                0x000000008713ccd0      0x14c libretro-common.a(LzmaDec.o)
                0x000000008713ccd0                LzmaDec_DecodeToBuf
 .text.LzmaDec_Free
                0x000000008713ce1c       0x54 libretro-common.a(LzmaDec.o)
                0x000000008713ce1c                LzmaDec_Free
 .text.LzmaDec_Allocate
                0x000000008713ce70      0x13c libretro-common.a(LzmaDec.o)
                0x000000008713ce70                LzmaDec_Allocate
 .text.LzmaEncProps_Init
                0x000000008713cfac       0x4c libretro-common.a(LzmaEnc.o)
                0x000000008713cfac                LzmaEncProps_Init
 .text.LzmaEncProps_Normalize
                0x000000008713cff8      0x1d0 libretro-common.a(LzmaEnc.o)
                0x000000008713cff8                LzmaEncProps_Normalize
 .text.LzmaEnc_SetProps
                0x000000008713d1c8      0x144 libretro-common.a(LzmaEnc.o)
                0x000000008713d1c8                LzmaEnc_SetProps
 .text.LzmaEnc_Construct
                0x000000008713d30c      0x140 libretro-common.a(LzmaEnc.o)
                0x000000008713d30c                LzmaEnc_Construct
 .text.LzmaEnc_Create
                0x000000008713d44c       0x38 libretro-common.a(LzmaEnc.o)
                0x000000008713d44c                LzmaEnc_Create
 .text.LzmaEnc_Destruct
                0x000000008713d484       0x84 libretro-common.a(LzmaEnc.o)
                0x000000008713d484                LzmaEnc_Destruct
 .text.LzmaEnc_Destroy
                0x000000008713d508       0x3c libretro-common.a(LzmaEnc.o)
                0x000000008713d508                LzmaEnc_Destroy
 .text.LzmaEnc_WriteProperties
                0x000000008713d544      0x128 libretro-common.a(LzmaEnc.o)
                0x000000008713d544                LzmaEnc_WriteProperties
 .text.MatchFinder_Construct
                0x000000008713d66c       0x88 libretro-common.a(LzFind.o)
                0x000000008713d66c                MatchFinder_Construct
 .text.MatchFinder_Free
                0x000000008713d6f4       0x5c libretro-common.a(LzFind.o)
                0x000000008713d6f4                MatchFinder_Free
 .text.strlcpy_retro__
                0x000000008713d750       0x9c libretro-common.a(compat_strl.o)
                0x000000008713d750                strlcpy_retro__
 .text.strlcat_retro__
                0x000000008713d7ec       0x74 libretro-common.a(compat_strl.o)
                0x000000008713d7ec                strlcat_retro__
 .text          0x000000008713d860       0x2c /opt/mips32-mti-elf/2019.09-03-2/lib/gcc/mips-mti-elf/7.4.0/mips32/el/sof/libgcc.a(_bswapsi2.o)
                0x000000008713d860                __bswapsi2
 .text          0x000000008713d88c       0x58 /opt/mips32-mti-elf/2019.09-03-2/lib/gcc/mips-mti-elf/7.4.0/mips32/el/sof/libgcc.a(_bswapdi2.o)
                0x000000008713d88c                __bswapdi2
 .text          0x000000008713d8e4      0x444 /opt/mips32-mti-elf/2019.09-03-2/lib/gcc/mips-mti-elf/7.4.0/mips32/el/sof/libgcc.a(_divdi3.o)
                0x000000008713d8e4                __divdi3
 .text          0x000000008713dd28      0x444 /opt/mips32-mti-elf/2019.09-03-2/lib/gcc/mips-mti-elf/7.4.0/mips32/el/sof/libgcc.a(_moddi3.o)
                0x000000008713dd28                __moddi3
 .text          0x000000008713e16c      0x3f0 /opt/mips32-mti-elf/2019.09-03-2/lib/gcc/mips-mti-elf/7.4.0/mips32/el/sof/libgcc.a(_udivdi3.o)
                0x000000008713e16c                __udivdi3
 .text          0x000000008713e55c      0x3f4 /opt/mips32-mti-elf/2019.09-03-2/lib/gcc/mips-mti-elf/7.4.0/mips32/el/sof/libgcc.a(_umoddi3.o)
                0x000000008713e55c                __umoddi3
 .text          0x000000008713e950      0x4d0 /opt/mips32-mti-elf/2019.09-03-2/lib/gcc/mips-mti-elf/7.4.0/mips32/el/sof/libgcc.a(addsf3.o)
                0x000000008713e950                __addsf3
 .text          0x000000008713ee20      0x378 /opt/mips32-mti-elf/2019.09-03-2/lib/gcc/mips-mti-elf/7.4.0/mips32/el/sof/libgcc.a(divsf3.o)
                0x000000008713ee20                __divsf3
 .text          0x000000008713f198       0x80 /opt/mips32-mti-elf/2019.09-03-2/lib/gcc/mips-mti-elf/7.4.0/mips32/el/sof/libgcc.a(eqsf2.o)
                0x000000008713f198                __nesf2
                0x000000008713f198                __eqsf2
 .text          0x000000008713f218      0x11c /opt/mips32-mti-elf/2019.09-03-2/lib/gcc/mips-mti-elf/7.4.0/mips32/el/sof/libgcc.a(gesf2.o)
                0x000000008713f218                __gtsf2
                0x000000008713f218                __gesf2
 .text          0x000000008713f334      0x11c /opt/mips32-mti-elf/2019.09-03-2/lib/gcc/mips-mti-elf/7.4.0/mips32/el/sof/libgcc.a(lesf2.o)
                0x000000008713f334                __lesf2
                0x000000008713f334                __ltsf2
 .text          0x000000008713f450      0x2e8 /opt/mips32-mti-elf/2019.09-03-2/lib/gcc/mips-mti-elf/7.4.0/mips32/el/sof/libgcc.a(mulsf3.o)
                0x000000008713f450                __mulsf3
 .text          0x000000008713f738      0x508 /opt/mips32-mti-elf/2019.09-03-2/lib/gcc/mips-mti-elf/7.4.0/mips32/el/sof/libgcc.a(subsf3.o)
                0x000000008713f738                __subsf3
 .text          0x000000008713fc40       0x78 /opt/mips32-mti-elf/2019.09-03-2/lib/gcc/mips-mti-elf/7.4.0/mips32/el/sof/libgcc.a(fixsfsi.o)
                0x000000008713fc40                __fixsfsi
 .text          0x000000008713fcb8       0x68 /opt/mips32-mti-elf/2019.09-03-2/lib/gcc/mips-mti-elf/7.4.0/mips32/el/sof/libgcc.a(fixunssfsi.o)
                0x000000008713fcb8                __fixunssfsi
 .text          0x000000008713fd20       0xfc /opt/mips32-mti-elf/2019.09-03-2/lib/gcc/mips-mti-elf/7.4.0/mips32/el/sof/libgcc.a(floatsisf.o)
                0x000000008713fd20                __floatsisf
 .text          0x000000008713fe1c       0xd8 /opt/mips32-mti-elf/2019.09-03-2/lib/gcc/mips-mti-elf/7.4.0/mips32/el/sof/libgcc.a(floatunsisf.o)
                0x000000008713fe1c                __floatunsisf
 .text          0x000000008713fef4       0x88 /opt/mips32-mti-elf/2019.09-03-2/lib/gcc/mips-mti-elf/7.4.0/mips32/el/sof/libgcc.a(fixunssfdi.o)
                0x000000008713fef4                __fixunssfdi
 .text          0x000000008713ff7c      0x16c /opt/mips32-mti-elf/2019.09-03-2/lib/gcc/mips-mti-elf/7.4.0/mips32/el/sof/libgcc.a(floatdisf.o)
                0x000000008713ff7c                __floatdisf
 .text          0x00000000871400e8      0x890 /opt/mips32-mti-elf/2019.09-03-2/lib/gcc/mips-mti-elf/7.4.0/mips32/el/sof/libgcc.a(adddf3.o)
                0x00000000871400e8                __adddf3
 .text          0x0000000087140978      0x6d8 /opt/mips32-mti-elf/2019.09-03-2/lib/gcc/mips-mti-elf/7.4.0/mips32/el/sof/libgcc.a(divdf3.o)
                0x0000000087140978                __divdf3
 .text          0x0000000087141050       0xa0 /opt/mips32-mti-elf/2019.09-03-2/lib/gcc/mips-mti-elf/7.4.0/mips32/el/sof/libgcc.a(eqdf2.o)
                0x0000000087141050                __eqdf2
                0x0000000087141050                __nedf2
 .text          0x00000000871410f0      0x14c /opt/mips32-mti-elf/2019.09-03-2/lib/gcc/mips-mti-elf/7.4.0/mips32/el/sof/libgcc.a(gedf2.o)
                0x00000000871410f0                __gtdf2
                0x00000000871410f0                __gedf2
 .text          0x000000008714123c      0x14c /opt/mips32-mti-elf/2019.09-03-2/lib/gcc/mips-mti-elf/7.4.0/mips32/el/sof/libgcc.a(ledf2.o)
                0x000000008714123c                __ltdf2
                0x000000008714123c                __ledf2
 .text          0x0000000087141388      0x690 /opt/mips32-mti-elf/2019.09-03-2/lib/gcc/mips-mti-elf/7.4.0/mips32/el/sof/libgcc.a(muldf3.o)
                0x0000000087141388                __muldf3
 .text          0x0000000087141a18      0x8e8 /opt/mips32-mti-elf/2019.09-03-2/lib/gcc/mips-mti-elf/7.4.0/mips32/el/sof/libgcc.a(subdf3.o)
                0x0000000087141a18                __subdf3
 .text          0x0000000087142300       0x88 /opt/mips32-mti-elf/2019.09-03-2/lib/gcc/mips-mti-elf/7.4.0/mips32/el/sof/libgcc.a(fixdfsi.o)
                0x0000000087142300                __fixdfsi
 .text          0x0000000087142388       0x78 /opt/mips32-mti-elf/2019.09-03-2/lib/gcc/mips-mti-elf/7.4.0/mips32/el/sof/libgcc.a(fixunsdfsi.o)
                0x0000000087142388                __fixunsdfsi
 .text          0x0000000087142400       0x8c /opt/mips32-mti-elf/2019.09-03-2/lib/gcc/mips-mti-elf/7.4.0/mips32/el/sof/libgcc.a(floatsidf.o)
                0x0000000087142400                __floatsidf
 .text          0x000000008714248c       0x70 /opt/mips32-mti-elf/2019.09-03-2/lib/gcc/mips-mti-elf/7.4.0/mips32/el/sof/libgcc.a(floatunsidf.o)
                0x000000008714248c                __floatunsidf
 .text          0x00000000871424fc       0xfc /opt/mips32-mti-elf/2019.09-03-2/lib/gcc/mips-mti-elf/7.4.0/mips32/el/sof/libgcc.a(extendsfdf2.o)
                0x00000000871424fc                __extendsfdf2
 .text          0x00000000871425f8      0x1dc /opt/mips32-mti-elf/2019.09-03-2/lib/gcc/mips-mti-elf/7.4.0/mips32/el/sof/libgcc.a(truncdfsf2.o)
                0x00000000871425f8                __truncdfsf2
 .text          0x00000000871427d4       0x40 /opt/mips32-mti-elf/2019.09-03-2/lib/gcc/mips-mti-elf/7.4.0/mips32/el/sof/libgcc.a(_lshrdi3.o)
                0x00000000871427d4                __lshrdi3
 .text          0x0000000087142814       0x40 /opt/mips32-mti-elf/2019.09-03-2/lib/gcc/mips-mti-elf/7.4.0/mips32/el/sof/libgcc.a(_ashldi3.o)
                0x0000000087142814                __ashldi3
 .text          0x0000000087142854       0xa8 /opt/mips32-mti-elf/2019.09-03-2/mips-mti-elf/lib/mips32/el/sof/libc.a(lib_a-fdopen.o)
                0x0000000087142854                _fdopen_r
                0x00000000871428e8                fdopen
 .text          0x00000000871428fc      0x318 /opt/mips32-mti-elf/2019.09-03-2/mips-mti-elf/lib/mips32/el/sof/libc.a(lib_a-findfp.o)
                0x000000008714298c                _cleanup_r
                0x00000000871429b4                __sfmoreglue
                0x0000000087142a20                _cleanup
                0x0000000087142a2c                __sinit
                0x0000000087142ab4                __sfp
                0x0000000087142ba4                __sfp_lock_acquire
                0x0000000087142bac                __sfp_lock_release
                0x0000000087142bb4                __sinit_lock_acquire
                0x0000000087142bbc                __sinit_lock_release
                0x0000000087142bc4                __fp_lock_all
                0x0000000087142bec                __fp_unlock_all
 .text          0x0000000087142c14       0xb4 /opt/mips32-mti-elf/2019.09-03-2/mips-mti-elf/lib/mips32/el/sof/libc.a(lib_a-flags.o)
                0x0000000087142c14                __sflags
 .text          0x0000000087142cc8      0x15c /opt/mips32-mti-elf/2019.09-03-2/mips-mti-elf/lib/mips32/el/sof/libc.a(lib_a-fwalk.o)
                0x0000000087142cc8                _fwalk
                0x0000000087142d70                _fwalk_reent
 .text          0x0000000087142e24       0x54 /opt/mips32-mti-elf/2019.09-03-2/mips-mti-elf/lib/mips32/el/sof/libc.a(lib_a-getenv.o)
                0x0000000087142e24                _findenv
                0x0000000087142e50                getenv
 .text          0x0000000087142e78      0x124 /opt/mips32-mti-elf/2019.09-03-2/mips-mti-elf/lib/mips32/el/sof/libc.a(lib_a-getenv_r.o)
                0x0000000087142e78                _findenv_r
                0x0000000087142f80                _getenv_r
 .text          0x0000000087142f9c       0xe0 /opt/mips32-mti-elf/2019.09-03-2/mips-mti-elf/lib/mips32/el/sof/libc.a(lib_a-locale.o)
                0x0000000087142f9c                _setlocale_r
                0x0000000087143018                __locale_mb_cur_max
                0x000000008714303c                __locale_ctype_ptr_l
                0x0000000087143044                __locale_ctype_ptr
                0x0000000087143068                setlocale
 .text          0x000000008714307c      0x6e0 /opt/mips32-mti-elf/2019.09-03-2/mips-mti-elf/lib/mips32/el/sof/libc.a(lib_a-mallocr.o)
                0x000000008714307c                _malloc_r
 .text          0x000000008714375c       0x5c /opt/mips32-mti-elf/2019.09-03-2/mips-mti-elf/lib/mips32/el/sof/libc.a(lib_a-mbtowc_r.o)
                0x000000008714375c                _mbtowc_r
                0x0000000087143788                __ascii_mbtowc
 .text          0x00000000871437b8       0x10 /opt/mips32-mti-elf/2019.09-03-2/mips-mti-elf/lib/mips32/el/sof/libc.a(lib_a-mlock.o)
                0x00000000871437b8                __malloc_lock
                0x00000000871437c0                __malloc_unlock
 .text          0x00000000871437c8      0x520 /opt/mips32-mti-elf/2019.09-03-2/mips-mti-elf/lib/mips32/el/sof/libc.a(lib_a-qsort.o)
                0x00000000871438d4                qsort
 .text          0x0000000087143ce8       0x54 /opt/mips32-mti-elf/2019.09-03-2/mips-mti-elf/lib/mips32/el/sof/libc.a(lib_a-sbrkr.o)
                0x0000000087143ce8                _sbrk_r
 .text          0x0000000087143d3c      0x174 /opt/mips32-mti-elf/2019.09-03-2/mips-mti-elf/lib/mips32/el/sof/libc.a(lib_a-stdio.o)
                0x0000000087143d3c                __sread
                0x0000000087143da0                __seofread
                0x0000000087143da8                __swrite
                0x0000000087143e30                __sseek
                0x0000000087143e90                __sclose
 .text          0x0000000087143eb0      0x44c /opt/mips32-mti-elf/2019.09-03-2/mips-mti-elf/lib/mips32/el/sof/libc.a(lib_a-strerror.o)
                0x0000000087143eb0                _strerror_r
                0x00000000871442cc                strerror
                0x00000000871442e4                strerror_l
 .text          0x00000000871442fc       0x28 /opt/mips32-mti-elf/2019.09-03-2/mips-mti-elf/lib/mips32/el/sof/libc.a(lib_a-strtok.o)
                0x00000000871442fc                strtok
 .text          0x0000000087144324       0xb8 /opt/mips32-mti-elf/2019.09-03-2/mips-mti-elf/lib/mips32/el/sof/libc.a(lib_a-strtok_r.o)
                0x0000000087144324                __strtok_r
                0x00000000871443d4                strtok_r
 .text          0x00000000871443dc        0x8 /opt/mips32-mti-elf/2019.09-03-2/mips-mti-elf/lib/mips32/el/sof/libc.a(lib_a-u_strerr.o)
                0x00000000871443dc                _user_strerror
 .text          0x00000000871443e4       0x60 /opt/mips32-mti-elf/2019.09-03-2/mips-mti-elf/lib/mips32/el/sof/libc.a(lib_a-wcsrtombs.o)
                0x00000000871443e4                _wcsrtombs_r
                0x000000008714440c                wcsrtombs
 .text          0x0000000087144444       0x5c /opt/mips32-mti-elf/2019.09-03-2/mips-mti-elf/lib/mips32/el/sof/libc.a(lib_a-wctomb_r.o)
                0x0000000087144444                _wctomb_r
                0x000000008714446c                __ascii_wctomb
 .text          0x00000000871444a0       0x5c /opt/mips32-mti-elf/2019.09-03-2/mips-mti-elf/lib/mips32/el/sof/libc.a(lib_a-writer.o)
                0x00000000871444a0                _write_r
 .text          0x00000000871444fc       0x54 /opt/mips32-mti-elf/2019.09-03-2/mips-mti-elf/lib/mips32/el/sof/libc.a(lib_a-closer.o)
                0x00000000871444fc                _close_r
 .text          0x0000000087144550       0x10 /opt/mips32-mti-elf/2019.09-03-2/mips-mti-elf/lib/mips32/el/sof/libc.a(lib_a-envlock.o)
                0x0000000087144550                __env_lock
                0x0000000087144558                __env_unlock
 .text          0x0000000087144560      0x114 /opt/mips32-mti-elf/2019.09-03-2/mips-mti-elf/lib/mips32/el/sof/libc.a(lib_a-fclose.o)
                0x0000000087144560                _fclose_r
 .text          0x0000000087144674      0x2bc /opt/mips32-mti-elf/2019.09-03-2/mips-mti-elf/lib/mips32/el/sof/libc.a(lib_a-fflush.o)
                0x0000000087144674                __sflush_r
                0x000000008714489c                _fflush_r
 .text          0x0000000087144930      0x3ac /opt/mips32-mti-elf/2019.09-03-2/mips-mti-elf/lib/mips32/el/sof/libc.a(lib_a-freer.o)
                0x0000000087144930                _malloc_trim_r
                0x0000000087144a48                _free_r
 .text          0x0000000087144cdc       0x60 /opt/mips32-mti-elf/2019.09-03-2/mips-mti-elf/lib/mips32/el/sof/libc.a(lib_a-lseekr.o)
                0x0000000087144cdc                _lseek_r
 .text          0x0000000087144d3c       0x5c /opt/mips32-mti-elf/2019.09-03-2/mips-mti-elf/lib/mips32/el/sof/libc.a(lib_a-readr.o)
                0x0000000087144d3c                _read_r
 .text          0x0000000087144d98      0x220 /opt/mips32-mti-elf/2019.09-03-2/mips-mti-elf/lib/mips32/el/sof/libc.a(lib_a-wcsnrtombs.o)
                0x0000000087144d98                _wcsnrtombs_l
                0x0000000087144f24                _wcsnrtombs_r
                0x0000000087144f68                wcsnrtombs
 .text          0x0000000087144fb8       0xcc /opt/mips32-mti-elf/2019.09-03-2/mips-mti-elf/lib/mips32/el/sof/libm.a(lib_a-s_cos.o)
                0x0000000087144fb8                cos
 .text          0x0000000087145084      0x1e4 /opt/mips32-mti-elf/2019.09-03-2/mips-mti-elf/lib/mips32/el/sof/libm.a(lib_a-s_floor.o)
                0x0000000087145084                floor
 .text          0x0000000087145268       0xd8 /opt/mips32-mti-elf/2019.09-03-2/mips-mti-elf/lib/mips32/el/sof/libm.a(lib_a-s_sin.o)
                0x0000000087145268                sin
 .text          0x0000000087145340      0x1c8 /opt/mips32-mti-elf/2019.09-03-2/mips-mti-elf/lib/mips32/el/sof/libm.a(lib_a-w_log.o)
                0x0000000087145340                log
 .text          0x0000000087145508      0x4cc /opt/mips32-mti-elf/2019.09-03-2/mips-mti-elf/lib/mips32/el/sof/libm.a(lib_a-w_pow.o)
                0x0000000087145508                pow
 .text          0x00000000871459d4      0x13c /opt/mips32-mti-elf/2019.09-03-2/mips-mti-elf/lib/mips32/el/sof/libm.a(lib_a-w_sqrt.o)
                0x00000000871459d4                sqrt
 .text          0x0000000087145b10      0x690 /opt/mips32-mti-elf/2019.09-03-2/mips-mti-elf/lib/mips32/el/sof/libm.a(lib_a-e_log.o)
                0x0000000087145b10                __ieee754_log
 .text          0x00000000871461a0     0x1170 /opt/mips32-mti-elf/2019.09-03-2/mips-mti-elf/lib/mips32/el/sof/libm.a(lib_a-e_pow.o)
                0x00000000871461a0                __ieee754_pow
 .text          0x0000000087147310      0x6f4 /opt/mips32-mti-elf/2019.09-03-2/mips-mti-elf/lib/mips32/el/sof/libm.a(lib_a-e_rem_pio2.o)
                0x0000000087147310                __ieee754_rem_pio2
 .text          0x0000000087147a04      0x274 /opt/mips32-mti-elf/2019.09-03-2/mips-mti-elf/lib/mips32/el/sof/libm.a(lib_a-e_sqrt.o)
                0x0000000087147a04                __ieee754_sqrt
 .text          0x0000000087147c78      0x2e4 /opt/mips32-mti-elf/2019.09-03-2/mips-mti-elf/lib/mips32/el/sof/libm.a(lib_a-k_cos.o)
                0x0000000087147c78                __kernel_cos
 .text          0x0000000087147f5c      0xc68 /opt/mips32-mti-elf/2019.09-03-2/mips-mti-elf/lib/mips32/el/sof/libm.a(lib_a-k_rem_pio2.o)
                0x0000000087147f5c                __kernel_rem_pio2
 .text          0x0000000087148bc4      0x2c4 /opt/mips32-mti-elf/2019.09-03-2/mips-mti-elf/lib/mips32/el/sof/libm.a(lib_a-k_sin.o)
                0x0000000087148bc4                __kernel_sin
 .text          0x0000000087148e88       0x14 /opt/mips32-mti-elf/2019.09-03-2/mips-mti-elf/lib/mips32/el/sof/libm.a(lib_a-s_fabs.o)
                0x0000000087148e88                fabs
 .text          0x0000000087148e9c       0x1c /opt/mips32-mti-elf/2019.09-03-2/mips-mti-elf/lib/mips32/el/sof/libm.a(lib_a-s_finite.o)
                0x0000000087148e9c                finite
 .text          0x0000000087148eb8        0x8 /opt/mips32-mti-elf/2019.09-03-2/mips-mti-elf/lib/mips32/el/sof/libm.a(lib_a-s_matherr.o)
                0x0000000087148eb8                matherr
 .text          0x0000000087148ec0       0x10 /opt/mips32-mti-elf/2019.09-03-2/mips-mti-elf/lib/mips32/el/sof/libm.a(lib_a-s_nan.o)
                0x0000000087148ec0                nan
 .text          0x0000000087148ed0      0x204 /opt/mips32-mti-elf/2019.09-03-2/mips-mti-elf/lib/mips32/el/sof/libm.a(lib_a-s_rint.o)
                0x0000000087148ed0                rint
 .text          0x00000000871490d4      0x168 /opt/mips32-mti-elf/2019.09-03-2/mips-mti-elf/lib/mips32/el/sof/libm.a(lib_a-s_scalbn.o)
                0x00000000871490d4                scalbn
 .text          0x000000008714923c       0x24 /opt/mips32-mti-elf/2019.09-03-2/mips-mti-elf/lib/mips32/el/sof/libm.a(lib_a-s_copysign.o)
                0x000000008714923c                copysign
 .text          0x0000000087149260       0x50 /opt/mips32-mti-elf/2019.09-03-2/lib/gcc/mips-mti-elf/7.4.0/mips32/el/sof/libgcc.a(unorddf2.o)
                0x0000000087149260                __unorddf2
 *(.gnu.warning)
 *(.mips16.fn.*)
 *(.mips16.call.*)

.fini
 *(SORT_NONE(.fini))
                [!provide]                        PROVIDE (__etext = .)
                [!provide]                        PROVIDE (_etext = .)
                [!provide]                        PROVIDE (etext = .)

.rodata         0x00000000871492b0    0x14ff8 load address 0x00000000871492c8
 *(.rodata .rodata.* .gnu.linkonce.r.*)
 .rodata.wrap_retro_load_game.str1.4
                0x00000000871492b0       0xb9 core_api.o
 *fill*         0x0000000087149369        0x3 
 .rodata.log_cb.str1.4
                0x000000008714936c       0x45 core_api.o