Archive member included to satisfy reference by file (symbol)

libretro_core.a(libretro.o)   core_api.o (retro_api_version)
libretro_core.a(genesis.o)    libretro_core.a(libretro.o) (work_ram)
libretro_core.a(io_ctrl.o)    libretro_core.a(libretro.o) (io_init)
libretro_core.a(loadrom.o)    libretro_core.a(libretro.o) (get_region)
libretro_core.a(mem68k.o)     libretro_core.a(genesis.o) (m68k_read_bus_8)
libretro_core.a(membnk.o)     libretro_core.a(genesis.o) (zbank_unused_r)
libretro_core.a(memz80.o)     libretro_core.a(genesis.o) (z80_memory_r)
libretro_core.a(state.o)      libretro_core.a(libretro.o) (state_load)
libretro_core.a(system.o)     libretro_core.a(libretro.o) (audio_set_rate)
libretro_core.a(vdp_ctrl.o)   libretro_core.a(system.o) (v_counter)
libretro_core.a(vdp_render.o)
                              libretro_core.a(vdp_ctrl.o) (color_update_m4)
libretro_core.a(z80.o)        libretro_core.a(genesis.o) (Z80)
libretro_core.a(m68kcpu.o)    libretro_core.a(libretro.o) (m68k)
libretro_core.a(s68kcpu.o)    libretro_core.a(genesis.o) (s68k)
libretro_core.a(md_ntsc.o)    libretro_core.a(libretro.o) (md_ntsc_init)
libretro_core.a(sms_ntsc.o)   libretro_core.a(libretro.o) (sms_ntsc_init)
libretro_core.a(blip_buf.o)   libretro_core.a(system.o) (blip_delete)
libretro_core.a(eq.o)         libretro_core.a(system.o) (init_3band_state)
libretro_core.a(psg.o)        libretro_core.a(mem68k.o) (psg_write)
libretro_core.a(sound.o)      libretro_core.a(libretro.o) (sound_init)
libretro_core.a(ym2413.o)     libretro_core.a(sound.o) (YM2413Init)
libretro_core.a(ym2612.o)     libretro_core.a(sound.o) (YM2612Init)
libretro_core.a(ym3438.o)     libretro_core.a(sound.o) (OPN2_Reset)
libretro_core.a(activator.o)  libretro_core.a(io_ctrl.o) (activator_1_read)
libretro_core.a(gamepad.o)    libretro_core.a(io_ctrl.o) (gamepad_1_read)
libretro_core.a(graphic_board.o)
                              libretro_core.a(io_ctrl.o) (graphic_board_read)
libretro_core.a(input.o)      libretro_core.a(io_ctrl.o) (input_init)
libretro_core.a(lightgun.o)   libretro_core.a(input.o) (lightgun_reset)
libretro_core.a(mouse.o)      libretro_core.a(input.o) (mouse_reset)
libretro_core.a(paddle.o)     libretro_core.a(input.o) (paddle_reset)
libretro_core.a(sportspad.o)  libretro_core.a(input.o) (sportspad_reset)
libretro_core.a(teamplayer.o)
                              libretro_core.a(input.o) (teamplayer_init)
libretro_core.a(terebi_oekaki.o)
                              libretro_core.a(input.o) (terebi_oekaki_reset)
libretro_core.a(xe_1ap.o)     libretro_core.a(input.o) (xe_1ap_reset)
libretro_core.a(cdc.o)        libretro_core.a(mem68k.o) (cdc_host_r)
libretro_core.a(cdd.o)        libretro_core.a(system.o) (cdd_init)
libretro_core.a(gfx.o)        libretro_core.a(cdc.o) (word_ram_0_dma_w)
libretro_core.a(pcm.o)        libretro_core.a(system.o) (pcm_init)
libretro_core.a(scd.o)        libretro_core.a(cdc.o) (prg_ram_dma_w)
libretro_core.a(areplay.o)    libretro_core.a(loadrom.o) (areplay_shutdown)
libretro_core.a(ggenie.o)     libretro_core.a(loadrom.o) (ggenie_shutdown)
libretro_core.a(md_cart.o)    libretro_core.a(genesis.o) (md_cart_init)
libretro_core.a(megasd.o)     libretro_core.a(md_cart.o) (megasd_reset)
libretro_core.a(sms_cart.o)   libretro_core.a(libretro.o) (sms_cart_init)
libretro_core.a(sram.o)       libretro_core.a(md_cart.o) (sram_init)
libretro_core.a(ssp16.o)      libretro_core.a(system.o) (ssp1601_run)
libretro_core.a(svp.o)        libretro_core.a(mem68k.o) (svp)
libretro_core.a(vorbisfile.o)
                              libretro_core.a(cdd.o) (ov_clear)
libretro_core.a(libchdr_chd.o)
                              libretro_core.a(cdd.o) (chd_close)
libretro_core.a(libchdr_flac.o)
                              libretro_core.a(libchdr_chd.o) (flac_decoder_init)
libretro_core.a(libchdr_huffman.o)
                              libretro_core.a(libchdr_chd.o) (create_huffman_decoder)
libretro_core.a(opll.o)       libretro_core.a(sound.o) (OPLL_Reset)
libretro_core.a(cd_cart.o)    libretro_core.a(scd.o) (cd_cart_init)
libretro_core.a(eeprom_93c.o)
                              libretro_core.a(sms_cart.o) (eeprom_93c_init)
libretro_core.a(eeprom_i2c.o)
                              libretro_core.a(md_cart.o) (eeprom_i2c_init)
libretro_core.a(eeprom_spi.o)
                              libretro_core.a(md_cart.o) (eeprom_spi_init)
libretro_core.a(block.o)      libretro_core.a(vorbisfile.o) (vorbis_block_init)
libretro_core.a(framing.o)    libretro_core.a(vorbisfile.o) (ogg_page_continued)
libretro_core.a(info.o)       libretro_core.a(vorbisfile.o) (vorbis_comment_init)
libretro_core.a(registry.o)   libretro_core.a(block.o) (_mapping_P)
libretro_core.a(res012.o)     libretro_core.a(registry.o) (residue2_exportbundle)
libretro_core.a(sharedbook.o)
                              libretro_core.a(block.o) (vorbis_staticbook_destroy)
libretro_core.a(synthesis.o)  libretro_core.a(vorbisfile.o) (vorbis_synthesis)
[...]
Memory Configuration

Name             Origin             Length             Attributes
*default*        0x0000000000000000 0xffffffffffffffff

Linker script and memory map

Address of section .text set to 0x87000000
LOAD bisrv_08_03.ld
                0x00000000801b0b28                strcat = 0x801b0b28
                0x00000000801b0bc4                strncmp = 0x801b0bc4
                0x00000000801b0c9c                strncpy = 0x801b0c9c
                0x00000000801b0d6c                strchr = 0x801b0d6c
                0x00000000801b0dfc                strrchr = 0x801b0dfc
                0x00000000801b0e1c                strstr = 0x801b0e1c
                0x00000000801b0e70                strcasecmp = 0x801b0e70
                0x00000000801b0ef0                strncasecmp = 0x801b0ef0
                0x00000000801b0f50                memchr = 0x801b0f50
                0x00000000801b0f80                tolower = 0x801b0f80
                0x00000000801b0fa0                toupper = 0x801b0fa0
                0x00000000801b0fc0                isalnum = 0x801b0fc0
                0x00000000801b0fd8                isalpha = 0x801b0fd8
                0x00000000801b0ff0                isascii = 0x801b0ff0
                0x00000000801b0ff8                iscntrl = 0x801b0ff8
                0x00000000801b1010                isdigit = 0x801b1010
                0x00000000801b1028                isgraph = 0x801b1028
                0x00000000801b1040                islower = 0x801b1040
                0x00000000801b1058                isprint = 0x801b1058
                0x00000000801b1070                ispunct = 0x801b1070
                0x00000000801b1088                isspace = 0x801b1088
                0x00000000801b10a0                isupper = 0x801b10a0
                0x00000000801b10b8                isxdigit = 0x801b10b8
                0x00000000801b10d0                toascii = 0x801b10d0
                0x00000000801b10d8                _tolower = 0x801b10d8
                0x00000000801b10e0                _toupper = 0x801b10e0
                0x00000000801b10e8                isnan = 0x801b10e8
                0x00000000801b1134                isinf = 0x801b1134
                0x00000000801b1184                strtol = 0x801b1184
                0x00000000801b1374                strtoul = 0x801b1374
                0x000000008028b5f8                sbrk = 0x8028b5f8
                0x000000008028b8b8                malloc = 0x8028b8b8
                0x000000008028c4c8                free = 0x8028c4c8
                0x000000008028c58c                realloc = 0x8028c58c
                0x000000008028c844                calloc = 0x8028c844
                0x000000008028e2d8                vsnprintf = 0x8028e2d8
                0x000000008028e38c                sprintf = 0x8028e38c
                0x000000008028e434                vprintf = 0x8028e434
                0x000000008028e474                printf = 0x8028e474
                0x000000008028e49c                snprintf = 0x8028e49c
                0x000000008028e4bc                vsprintf = 0x8028e4bc
                0x000000008028e56c                rand = 0x8028e56c
                0x000000008028e620                memcpy = 0x8028e620
                0x000000008028e850                memset = 0x8028e850
                0x000000008028e930                memcmp = 0x8028e930
                0x000000008028e994                memmove = 0x8028e994
                0x000000008028ea60                strcpy = 0x8028ea60
                0x000000008028eaa0                strcmp = 0x8028eaa0
                0x000000008028eae4                strlen = 0x8028eae4
                0x000000008028eb0c                atoi = 0x8028eb0c
                0x000000008028edb4                time = 0x8028edb4
                0x000000008028effc                localtime = 0x8028effc
                0x00000000802903d0                vsscanf = 0x802903d0
                0x0000000080290410                sscanf = 0x80290410
                0x00000000802a5a0c                open = 0x802a5a0c
                0x00000000802a5e04                read = 0x802a5e04
                0x00000000802a5f28                write = 0x802a5f28
                0x00000000802a6048                lseek = 0x802a6048
                0x00000000802a6188                close = 0x802a6188
                0x00000000802a5d34                fs_fstat = 0x802a5d34
                0x00000000802a5d58                fs_stat = 0x802a5d58
                0x00000000802a5b68                fs_mkdir = 0x802a5b68
                0x00000000802a5adc                fs_opendir = 0x802a5adc
                0x00000000802a61a4                fs_closedir = 0x802a61a4
                0x00000000802a60ec                fs_readdir = 0x802a60ec
                0x00000000802a58e4                fs_sync = 0x802a58e4
                0x00000000802acb40                strdup = 0x802acb40
                0x00000000802acbf4                fclose = 0x802acbf4
                0x00000000802acd64                fflush = 0x802acd64
                0x00000000802ad1d8                fopen = 0x802ad1d8
                0x00000000802ad34c                fw_fread = 0x802ad34c
                0x00000000802ad4b8                fseeko = 0x802ad4b8
                0x00000000802adbd0                ftell = 0x802adbd0
                0x00000000802adbec                ftello = 0x802adbec
                0x00000000802adf60                fwrite = 0x802adf60
                0x0000000080049214                osal_tds2_cache_flush = 0x80049214
                0x00000000802da404                os_disable_interrupt = 0x802da404
                0x00000000802da42c                os_enable_interrupt = 0x802da42c
                0x0000000080309b7c                os_get_tick_count = 0x80309b7c
                0x0000000080309134                dly_tsk = 0x80309134
                0x00000000803583a8                retro_video_refresh_cb = 0x803583a8
                0x0000000080358430                retro_audio_sample_batch_cb = 0x80358430
                0x0000000080358688                retro_input_poll_cb = 0x80358688
                0x0000000080358778                retro_input_state_cb = 0x80358778
                0x00000000803587bc                retro_set_environment_cb = 0x803587bc
                0x00000000803589a4                run_emulator = 0x803589a4
                0x000000008099553c                _ctype_ = 0x8099553c
                0x0000000080c09bdc                RAMSIZE = 0x80c09bdc
                0x0000000080c0a3b0                g_errno = 0x80c0a3b0
                0x0000000080c0b574                g_snd_task_flags = 0x80c0b574
                0x0000000080c0b678                g_retro_game_info = 0x80c0b678
                0x0000000080c107cc                gfn_state_load = 0x80c107cc
                0x0000000080c1081c                gfn_state_save = 0x80c1081c
                0x0000000080c107f8                gfn_retro_get_region = 0x80c107f8
                0x0000000080c10808                gfn_get_system_av_info = 0x80c10808
                0x0000000080c10828                gfn_retro_load_game = 0x80c10828
                0x0000000080c10830                gfn_retro_unload_game = 0x80c10830
                0x0000000080c10840                gfn_retro_run = 0x80c10840
                0x0000000080c1083c                gfn_frameskip = 0x80c1083c
                0x0000000080c107d8                g_run_file_size = 0x80c107d8
                0x0000000080c10834                gp_buf_64m = 0x80c10834
                0x00000000b88004a0                PINMUXL = 0xb88004a0
                0x00000000b8800500                PINMUXT = 0xb8800500
                0x00000000b8800044                GPIOLCTRL = 0xb8800044
                0x00000000b8800344                GPIOTCTRL = 0xb8800344
START GROUP
LOAD /opt/mips32-mti-elf/2019.09-03-2/lib/gcc/mips-mti-elf/7.4.0/mips32/el/sof/libgcc.a
LOAD /opt/mips32-mti-elf/2019.09-03-2/mips-mti-elf/lib/mips32/el/sof/libc.a
LOAD /opt/mips32-mti-elf/2019.09-03-2/mips-mti-elf/lib/mips32/el/sof/libm.a
LOAD /opt/mips32-mti-elf/2019.09-03-2/mips-mti-elf/lib/mips32/el/sof/libstdc++.a
LOAD core_api.o
LOAD lib.o
LOAD debug.o
LOAD libretro_core.a
LOAD libretro-common.a
END GROUP
                [!provide]                        PROVIDE (__executable_start = SEGMENT_START ("text-segment", 0x400000))
                0x00000000004000b4                . = (SEGMENT_START ("text-segment", 0x400000) + SIZEOF_HEADERS)

.interp
 *(.interp)

.MIPS.abiflags  0x00000000004000b8       0x18
 *(.MIPS.abiflags)
 .MIPS.abiflags
                0x00000000004000b8       0x18 core_api.o

.reginfo        0x00000000004000d0       0x18
 *(.reginfo)
 .reginfo       0x00000000004000d0       0x18 core_api.o

.note.gnu.build-id
 *(.note.gnu.build-id)

.dynamic
 *(.dynamic)

.hash
 *(.hash)

.gnu.hash
 *(.gnu.hash)

.dynsym
 *(.dynsym)

.dynstr
 *(.dynstr)

.gnu.version
 *(.gnu.version)

.gnu.version_d
 *(.gnu.version_d)

.gnu.version_r
 *(.gnu.version_r)

.rel.dyn        0x00000000004000d0        0x0 load address 0x00000000004000e8
 *(.rel.init)
 *(.rel.text .rel.text.* .rel.gnu.linkonce.t.*)
 *(.rel.fini)
 *(.rel.rodata .rel.rodata.* .rel.gnu.linkonce.r.*)
 *(.rel.data.rel.ro .rel.data.rel.ro.* .rel.gnu.linkonce.d.rel.ro.*)
 *(.rel.data .rel.data.* .rel.gnu.linkonce.d.*)
 *(.rel.tdata .rel.tdata.* .rel.gnu.linkonce.td.*)
 *(.rel.tbss .rel.tbss.* .rel.gnu.linkonce.tb.*)
 *(.rel.ctors)
 *(.rel.dtors)
 *(.rel.got)
 *(.rel.dyn)
 .rel.dyn       0x00000000004000d0        0x0 core_api.o
 *(.rel.sdata .rel.sdata.* .rel.gnu.linkonce.s.*)
 *(.rel.sbss .rel.sbss.* .rel.gnu.linkonce.sb.*)
 *(.rel.sdata2 .rel.sdata2.* .rel.gnu.linkonce.s2.*)
 *(.rel.sbss2 .rel.sbss2.* .rel.gnu.linkonce.sb2.*)
 *(.rel.bss .rel.bss.* .rel.gnu.linkonce.b.*)
                [!provide]                        PROVIDE (__rel_iplt_start = .)
 *(.rel.iplt)
                [!provide]                        PROVIDE (__rel_iplt_end = .)

.rela.dyn       0x00000000004000d0        0x0
 *(.rela.init)
 *(.rela.text .rela.text.* .rela.gnu.linkonce.t.*)
 *(.rela.fini)
 *(.rela.rodata .rela.rodata.* .rela.gnu.linkonce.r.*)
 *(.rela.data .rela.data.* .rela.gnu.linkonce.d.*)
 *(.rela.tdata .rela.tdata.* .rela.gnu.linkonce.td.*)
 *(.rela.tbss .rela.tbss.* .rela.gnu.linkonce.tb.*)
 *(.rela.ctors)
 *(.rela.dtors)
 *(.rela.got)
 *(.rela.sdata .rela.sdata.* .rela.gnu.linkonce.s.*)
 *(.rela.sbss .rela.sbss.* .rela.gnu.linkonce.sb.*)
 *(.rela.sdata2 .rela.sdata2.* .rela.gnu.linkonce.s2.*)
 *(.rela.sbss2 .rela.sbss2.* .rela.gnu.linkonce.sb2.*)
 *(.rela.bss .rela.bss.* .rela.gnu.linkonce.b.*)
                [!provide]                        PROVIDE (__rela_iplt_start = .)
 *(.rela.iplt)
                [!provide]                        PROVIDE (__rela_iplt_end = .)

.rel.plt
 *(.rel.plt)

.rela.plt
 *(.rela.plt)

.init
 *(SORT_NONE(.init))

.text           0x0000000087000000   0x156264 load address 0x0000000087000018
                0x0000000087000000                _ftext = .
 *(.text.unlikely .text.*_unlikely .text.unlikely.*)
 .text.unlikely
                0x0000000087000000       0xc4 core_api.o
                0x0000000087000000                __core_entry__
 .text.unlikely
                0x00000000870000c4       0x6c libretro_core.a(m68kcpu.o)
 *(.text.exit .text.exit.*)
 *(.text.startup .text.startup.*)
 *(.text.hot .text.hot.*)
 *(.text .stub .text.* .gnu.linkonce.t.*)
 .text.wrap_audio_batch_cb
                0x0000000087000130       0x4c core_api.o
 .text.frameskip_cb
                0x000000008700017c       0x14 core_api.o
 .text.wrap_retro_load_game
                0x0000000087000190      0x19c core_api.o
 .text.wrap_retro_set_audio_sample_batch
                0x000000008700032c       0x14 core_api.o
 .text.wrap_retro_set_environment
                0x0000000087000340       0x14 core_api.o
 .text.log_cb   0x0000000087000354       0xa8 core_api.o
 .text.wrap_environ_cb
                0x00000000870003fc      0x288 core_api.o
 .text.wrap_retro_video_refresh_cb
                0x0000000087000684       0x84 core_api.o
 .text.wrap_retro_deinit
                0x0000000087000708       0x24 core_api.o
 .text.wrap_input_state_cb
                0x000000008700072c       0x24 core_api.o
 .text.build_state_filepath
                0x0000000087000750       0x88 core_api.o
                0x0000000087000750                build_state_filepath
 .text.state_save
                0x00000000870007d8       0xc8 core_api.o
 .text.state_load
                0x00000000870008a0       0xe8 core_api.o
 .text.build_config_filepath
                0x0000000087000988       0x44 core_api.o
                0x0000000087000988                build_config_filepath
 .text.wrap_retro_init
                0x00000000870009cc       0x60 core_api.o
 .text.__errno  0x0000000087000a2c        0xc lib.o
                0x0000000087000a2c                __errno
 .text.fseek    0x0000000087000a38       0x24 lib.o
                0x0000000087000a38                fseek
 .text.fread    0x0000000087000a5c       0x30 lib.o
                0x0000000087000a5c                fread
 .text.stat     0x0000000087000a8c       0xa8 lib.o
                0x0000000087000a8c                stat
 .text.xlog     0x0000000087000b34       0xa0 debug.o
                0x0000000087000b34                xlog
 .text          0x0000000087000bd4     0x7cdc libretro_core.a(libretro.o)
                0x00000000870037a8                error
                0x0000000087003800                load_archive
                0x0000000087003bd0                osd_input_update
                0x00000000870053b4                ROMCheatUpdate
                0x0000000087005468                retro_api_version
                0x0000000087005470                retro_set_environment
                0x0000000087005bb8                retro_set_video_refresh
                0x0000000087005bc4                retro_set_audio_sample
                0x0000000087005bcc                retro_set_audio_sample_batch
                0x0000000087005bd8                retro_set_input_poll
                0x0000000087005be4                retro_set_input_state
                0x0000000087005bf0                retro_get_system_info
                0x0000000087005c24                retro_get_system_av_info
                0x0000000087005e18                retro_set_controller_port_device
                0x00000000870062e4                retro_serialize_size
                0x00000000870062f0                get_fast_savestates
                0x0000000087006334                retro_serialize
                0x0000000087006400                retro_unserialize
                0x00000000870064dc                retro_cheat_reset
                0x0000000087006510                retro_cheat_set
                0x0000000087006e18                retro_load_game
                0x0000000087007de8                retro_load_game_special
                0x0000000087007df0                retro_unload_game
                0x0000000087008114                retro_get_region
                0x0000000087008124                retro_get_memory_data
                0x000000008700816c                retro_get_memory_size
                0x0000000087008268                retro_init
                0x0000000087008378                retro_deinit
                0x000000008700839c                retro_reset
                0x00000000870083c8                retro_run
 .text          0x00000000870088b0      0xc70 libretro_core.a(genesis.o)
                0x00000000870088b0                z80_irq_callback
                0x00000000870088b8                gen_init
                0x0000000087008cdc                gen_reset
                0x00000000870090ec                gen_tmss_w
                0x00000000870091f0                gen_bankswitch_w
                0x0000000087009238                gen_bankswitch_r
                0x000000008700926c                gen_zbusreq_w
                0x000000008700937c                gen_zreset_w
                0x00000000870094f0                gen_zbank_w
 .text          0x0000000087009520      0xa28 libretro_core.a(io_ctrl.o)
                0x0000000087009530                io_init
                0x000000008700990c                io_reset
                0x0000000087009a58                io_68k_write
                0x0000000087009b20                io_68k_read
                0x0000000087009ba4                io_z80_write
                0x0000000087009cfc                io_z80_read
                0x0000000087009e24                io_gg_write
                0x0000000087009eac                io_gg_read
 .text          0x0000000087009f48     0x1e50 libretro_core.a(loadrom.o)
                0x0000000087009fc4                getrominfo
                0x000000008700a604                load_bios
                0x000000008700a964                get_region
                0x000000008700af20                load_rom
                0x000000008700bc28                get_company
                0x000000008700bd6c                get_peripheral
 .text          0x000000008700bd98     0x1c98 libretro_core.a(mem68k.o)
                0x000000008700bd98                m68k_read_bus_8
                0x000000008700bddc                m68k_read_bus_16
                0x000000008700be0c                m68k_unused_8_w
                0x000000008700bf90                m68k_unused_16_w
                0x000000008700bf98                m68k_lockup_w_8
                0x000000008700bfb8                m68k_lockup_w_16
                0x000000008700bfd8                m68k_lockup_r_8
                0x000000008700c090                m68k_lockup_r_16
                0x000000008700c11c                z80_read_byte
                0x000000008700c188                z80_read_word
                0x000000008700c1ac                z80_write_byte
                0x000000008700c250                z80_write_word
                0x000000008700c258                ctrl_io_read_byte
                0x000000008700c648                ctrl_io_read_word
                0x000000008700c984                ctrl_io_write_byte
                0x000000008700cff0                ctrl_io_write_word
                0x000000008700d5a4                vdp_read_byte
                0x000000008700d73c                vdp_read_word
                0x000000008700d818                vdp_write_byte
                0x000000008700d8a0                vdp_write_word
                0x000000008700d918                pico_read_byte
                0x000000008700d9fc                pico_read_word
 .text          0x000000008700da30      0x440 libretro_core.a(membnk.o)
                0x000000008700da30                zbank_unused_r
                0x000000008700da38                zbank_unused_w
                0x000000008700da40                zbank_lockup_r
                0x000000008700da68                zbank_lockup_w
                0x000000008700da90                zbank_read_ctrl_io
                0x000000008700dbb8                zbank_write_ctrl_io
                0x000000008700dc90                zbank_read_vdp
                0x000000008700dde0                zbank_write_vdp
 .text          0x000000008700de70      0xda4 libretro_core.a(memz80.o)
                0x000000008700dea4                z80_memory_r
                0x000000008700dfe4                z80_memory_w
                0x000000008700e0f8                z80_unused_port_r
                0x000000008700e11c                z80_unused_port_w
                0x000000008700e124                z80_md_port_w
                0x000000008700e1c8                z80_md_port_r
                0x000000008700e30c                z80_gg_port_w
                0x000000008700e3b8                z80_gg_port_r
                0x000000008700e508                z80_ms_port_w
                0x000000008700e67c                z80_ms_port_r
                0x000000008700e860                z80_m3_port_w
                0x000000008700e9b0                z80_m3_port_r
                0x000000008700ead4                z80_sg_port_w
                0x000000008700eb64                z80_sg_port_r
 .text          0x000000008700ec14      0xec8 libretro_core.a(state.o)
                0x000000008700ec14                state_load
                0x000000008700f4ec                state_save
 .text          0x000000008700fadc     0x2000 libretro_core.a(system.o)
                0x000000008700fadc                audio_set_rate
                0x000000008700fc44                audio_set_equalizer
                0x000000008700fd38                audio_reset
                0x000000008700fd94                audio_shutdown
                0x000000008700fde4                audio_init
                0x000000008700ff0c                audio_update
                0x000000008701022c                system_init
                0x0000000087010260                system_reset
                0x000000008701029c                system_frame_gen
                0x0000000087010a4c                system_frame_scd
                0x00000000870111d4                system_frame_sms
 .text          0x0000000087011adc     0x4ab0 libretro_core.a(vdp_ctrl.o)
                0x00000000870131d0                vdp_init
                0x0000000087013244                vdp_context_save
                0x0000000087013570                vdp_68k_ctrl_r
                0x0000000087013688                vdp_z80_ctrl_r
                0x000000008701390c                vdp_hvc_r
                0x0000000087014964                vdp_reset
                0x0000000087014fcc                vdp_68k_ctrl_w
                0x0000000087015280                vdp_dma_update
                0x0000000087015810                vdp_z80_ctrl_w
                0x0000000087015a48                vdp_sms_ctrl_w
                0x0000000087015d10                vdp_context_load
                0x00000000870163e0                vdp_tms_ctrl_w
                0x00000000870164e8                vdp_test_w
                0x00000000870164f0                vdp_68k_irq_ack
 .text          0x000000008701658c     0x6e1c libretro_core.a(vdp_render.o)
                0x000000008701658c                color_update_m4
                0x0000000087016798                color_update_m5
                0x0000000087016858                render_bg_m0
                0x00000000870169a4                render_bg_m1
                0x0000000087016ad8                render_bg_m1x
                0x0000000087016c34                render_bg_m2
                0x0000000087016db8                render_bg_m3
                0x0000000087016e64                render_bg_m3x
                0x0000000087016f38                render_bg_inv
                0x0000000087016fac                render_bg_m4
                0x0000000087017298                render_bg_m5
                0x0000000087017d18                render_bg_m5_vs
                0x0000000087018854                render_bg_m5_vs_enhanced
                0x000000008701947c                render_bg_m5_im2
                0x0000000087019f58                render_bg_m5_im2_vs
                0x000000008701ab0c                render_obj_tms
                0x000000008701aed0                render_obj_m4
                0x000000008701b3a8                render_obj_m5
                0x000000008701b66c                render_obj_m5_ste
                0x000000008701b9e0                render_obj_m5_im2
                0x000000008701bcc8                render_obj_m5_im2_ste
                0x000000008701c060                parse_satb_tms
                0x000000008701c210                parse_satb_m4
                0x000000008701c3d0                parse_satb_m5
                0x000000008701c51c                update_bg_pattern_cache_m4
                0x000000008701c6b0                update_bg_pattern_cache_m5
                0x000000008701c818                window_clip
                0x000000008701c8f8                render_init
                0x000000008701cefc                render_reset
                0x000000008701cfac                remap_line
                0x000000008701d190                render_line
                0x000000008701d36c                blank_line
 .text          0x000000008701d3a8    0x19964 libretro_core.a(z80.o)
                0x00000000870333d8                z80_init
                0x0000000087033858                z80_reset
                0x0000000087033880                z80_run
                0x0000000087036b64                z80_get_context
                0x0000000087036bc0                z80_set_context
                0x0000000087036c1c                z80_set_irq_line
                0x0000000087036c28                z80_set_nmi_line
 .text          0x0000000087036d0c    0x56624 libretro_core.a(m68kcpu.o)
                0x000000008708c9dc                m68k_get_reg
                0x000000008708cb98                m68k_set_reg
                0x000000008708cce4                m68k_update_irq
                0x000000008708cd00                m68k_set_irq
                0x000000008708cd10                m68k_set_irq_delay
                0x000000008708cef8                m68k_run
                0x000000008708d230                m68k_cycles
                0x000000008708d24c                m68k_init
                0x000000008708d25c                m68k_pulse_reset
                0x000000008708d2fc                m68k_pulse_halt
                0x000000008708d314                m68k_clear_halt
 .text          0x000000008708d330    0x5f444 libretro_core.a(s68kcpu.o)
                0x00000000870ec144                s68k_get_reg
                0x00000000870ec300                s68k_set_reg
                0x00000000870ec44c                s68k_update_irq
                0x00000000870ec46c                s68k_run
                0x00000000870ec688                s68k_cycles
                0x00000000870ec6a4                s68k_init
                0x00000000870ec6b4                s68k_pulse_reset
                0x00000000870ec740                s68k_pulse_halt
                0x00000000870ec758                s68k_clear_halt
 .text          0x00000000870ec774     0x1c5c libretro_core.a(md_ntsc.o)
                0x00000000870ec774                md_ntsc_init
                0x00000000870ed95c                md_ntsc_blit
 .text          0x00000000870ee3d0     0x1ad8 libretro_core.a(sms_ntsc.o)
                0x00000000870ee3d0                sms_ntsc_init
                0x00000000870ef630                sms_ntsc_blit
 .text          0x00000000870efea8     0x1124 libretro_core.a(blip_buf.o)
                0x00000000870eff40                blip_delete
                0x00000000870eff98                blip_set_rates
                0x00000000870f0088                blip_clear
                0x00000000870f00fc                blip_new
                0x00000000870f01a0                blip_clocks_needed
                0x00000000870f0210                blip_end_frame
                0x00000000870f0250                blip_samples_avail
                0x00000000870f025c                blip_discard_samples_dirty
                0x00000000870f0288                blip_read_samples
                0x00000000870f0340                blip_mix_samples
                0x00000000870f0480                blip_add_delta
                0x00000000870f0cc0                blip_add_delta_fast
                0x00000000870f0da0                blip_save_buffer_state
                0x00000000870f0ea4                blip_load_buffer_state
                0x00000000870f0fa8                blip_new_buffer_state
                0x00000000870f0fb4                blip_delete_buffer_state
 .text          0x00000000870f0fcc      0x56c libretro_core.a(eq.o)
                0x00000000870f0fcc                init_3band_state
                0x00000000870f1110                do_3band
 .text          0x00000000870f1538      0xec4 libretro_core.a(psg.o)
                0x00000000870f17fc                psg_init
                0x00000000870f1898                psg_reset
                0x00000000870f1930                psg_context_save
                0x00000000870f1afc                psg_context_load
                0x00000000870f1dc8                psg_write
                0x00000000870f214c                psg_config
                0x00000000870f2354                psg_end_frame
 .text          0x00000000870f23fc     0x18ec libretro_core.a(sound.o)
                0x00000000870f2f14                sound_init
                0x00000000870f31bc                sound_reset
                0x00000000870f322c                sound_update_fm_function_pointers
                0x00000000870f336c                sound_update
                0x00000000870f3658                sound_context_save
                0x00000000870f3924                sound_context_load
                0x00000000870f3bac                save_sound_buffer
                0x00000000870f3c58                restore_sound_buffer
 .text          0x00000000870f3ce8     0x3608 libretro_core.a(ym2413.o)
                0x00000000870f57a8                YM2413Init
                0x00000000870f5bc4                YM2413ResetChip
                0x00000000870f5cb0                YM2413Write
                0x00000000870f5ce8                YM2413Read
                0x00000000870f5cf8                YM2413Update
                0x00000000870f72dc                YM2413GetContextPtr
                0x00000000870f72e8                YM2413GetContextSize
 .text          0x00000000870f72f0     0x6548 libretro_core.a(ym2612.o)
                0x00000000870f72f0                YM2612Init
                0x00000000870f77ac                YM2612ResetChip
                0x00000000870f8494                YM2612Write
                0x00000000870f9818                YM2612Read
                0x00000000870f9824                YM2612Update
                0x00000000870fce24                YM2612Config
                0x00000000870fce94                YM2612LoadContext
                0x00000000870fd780                YM2612SaveContext
 .text          0x00000000870fd838     0x1e60 libretro_core.a(ym3438.o)
                0x00000000870fd838                OPN2_Reset
                0x00000000870fd8ac                OPN2_SetChipType
                0x00000000870fd8b8                OPN2_Clock
                0x00000000870ff4e4                OPN2_Write
                0x00000000870ff51c                OPN2_SetTestPin
                0x00000000870ff528                OPN2_ReadTestPin
                0x00000000870ff54c                OPN2_ReadIRQPin
                0x00000000870ff55c                OPN2_Read
 .text          0x00000000870ff698      0x204 libretro_core.a(activator.o)
                0x00000000870ff698                activator_reset
                0x00000000870ff6b4                activator_1_read
                0x00000000870ff74c                activator_2_read
                0x00000000870ff7e4                activator_1_write
                0x00000000870ff840                activator_2_write
 .text          0x00000000870ff89c      0xba4 libretro_core.a(gamepad.o)
                0x00000000870ff89c                gamepad_reset
                0x00000000870ff8e0                gamepad_refresh
                0x00000000870ff914                gamepad_end_frame
                0x00000000870ff944                gamepad_1_read
                0x00000000870ffa38                gamepad_2_read
                0x00000000870ffb2c                gamepad_1_write
                0x00000000870ffbe0                gamepad_2_write
                0x00000000870ffc98                wayplay_1_read
                0x00000000870ffdd0                wayplay_2_read
                0x00000000870ffdd8                wayplay_1_write
                0x00000000870ffec0                wayplay_2_write
                0x00000000870ffeec                jcart_read
                0x00000000871000d8                jcart_write
                0x0000000087100180                mastertap_1_read
                0x0000000087100298                mastertap_2_read
                0x00000000871003b4                mastertap_1_write
                0x00000000871003f8                mastertap_2_write
 .text          0x0000000087100440      0x188 libretro_core.a(graphic_board.o)
                0x0000000087100440                graphic_board_reset
                0x000000008710046c                graphic_board_read
                0x0000000087100574                graphic_board_write
 .text          0x00000000871005c8      0x838 libretro_core.a(input.o)
                0x00000000871005c8                input_init
                0x0000000087100b8c                input_reset
                0x0000000087100cf4                input_refresh
                0x0000000087100d84                input_end_frame
 .text          0x0000000087100e00      0x530 libretro_core.a(lightgun.o)
                0x0000000087100e00                lightgun_reset
                0x0000000087100e5c                lightgun_refresh
                0x00000000871010c0                phaser_1_read
                0x00000000871011a4                phaser_2_read
                0x0000000087101288                menacer_read
                0x00000000871012bc                justifier_read
                0x000000008710130c                justifier_write
 .text          0x0000000087101330      0x1b4 libretro_core.a(mouse.o)
                0x0000000087101330                mouse_reset
                0x0000000087101370                mouse_read
                0x0000000087101474                mouse_write
 .text          0x00000000871014e4      0x148 libretro_core.a(paddle.o)
                0x00000000871014e4                paddle_reset
                0x000000008710151c                paddle_1_read
                0x0000000087101580                paddle_2_read
                0x00000000871015e8                paddle_1_write
                0x0000000087101608                paddle_2_write
 .text          0x000000008710162c      0x1cc libretro_core.a(sportspad.o)
                0x000000008710162c                sportspad_reset
                0x0000000087101674                sportspad_1_read
                0x00000000871016f8                sportspad_2_read
                0x000000008710177c                sportspad_1_write
                0x00000000871017b8                sportspad_2_write
 .text          0x00000000871017f8      0x2e0 libretro_core.a(teamplayer.o)
                0x00000000871017f8                teamplayer_init
                0x00000000871018a4                teamplayer_reset
                0x00000000871018c8                teamplayer_1_read
                0x000000008710197c                teamplayer_2_read
                0x0000000087101a30                teamplayer_1_write
                0x0000000087101a84                teamplayer_2_write
 .text          0x0000000087101ad8       0x90 libretro_core.a(terebi_oekaki.o)
                0x0000000087101ad8                terebi_oekaki_reset
                0x0000000087101afc                terebi_oekaki_read
                0x0000000087101b48                terebi_oekaki_write
 .text          0x0000000087101b68      0x3c4 libretro_core.a(xe_1ap.o)
                0x0000000087101b68                xe_1ap_reset
                0x0000000087101bd0                xe_1ap_1_read
                0x0000000087101d40                xe_1ap_2_read
                0x0000000087101eb0                xe_1ap_1_write
                0x0000000087101ef0                xe_1ap_2_write
 .text          0x0000000087101f2c      0xdd8 libretro_core.a(cdc.o)
                0x0000000087101f2c                cdc_init
                0x0000000087101f4c                cdc_reset
                0x0000000087101fd0                cdc_context_save
                0x00000000871020b4                cdc_context_load
                0x00000000871021e4                cdc_dma_update
                0x000000008710230c                cdc_decoder_update
                0x00000000871024f8                cdc_reg_w
                0x0000000087102958                cdc_reg_r
                0x0000000087102bd4                cdc_host_r
 .text          0x0000000087102d04     0x4c34 libretro_core.a(cdd.o)
                0x0000000087102d24                cdd_init
                0x0000000087102d70                cdd_reset
                0x0000000087102dc0                cdd_context_save
                0x0000000087102f74                cdd_unload
                0x000000008710312c                cdd_load
                0x0000000087105568                cdd_read_data
                0x00000000871058a4                cdd_seek_audio
                0x0000000087105988                cdd_context_load
                0x0000000087105bdc                cdd_read_audio
                0x0000000087106340                cdd_update_audio
                0x000000008710638c                cdd_update
                0x0000000087106854                cdd_process
 .text          0x0000000087107938     0x12b0 libretro_core.a(gfx.o)
                0x0000000087107938                word_ram_0_dma_w
                0x00000000871079e0                word_ram_1_dma_w
                0x0000000087107a88                word_ram_2M_dma_w
                0x0000000087107b30                dot_ram_0_read16
                0x0000000087107b68                dot_ram_1_read16
                0x0000000087107ba0                dot_ram_0_write16
                0x0000000087107c0c                dot_ram_1_write16
                0x0000000087107c78                dot_ram_0_read8
                0x0000000087107cb4                dot_ram_1_read8
                0x0000000087107cf0                dot_ram_0_write8
                0x0000000087107d78                dot_ram_1_write8
                0x0000000087107e00                cell_ram_0_read16
                0x0000000087107e4c                cell_ram_1_read16
                0x0000000087107e98                cell_ram_0_write16
                0x0000000087107ee4                cell_ram_1_write16
                0x0000000087107f30                cell_ram_0_read8
                0x0000000087107f80                cell_ram_1_read8
                0x0000000087107fd0                cell_ram_0_write8
                0x0000000087108020                cell_ram_1_write8
                0x0000000087108070                gfx_init
                0x0000000087108484                gfx_reset
                0x000000008710849c                gfx_context_save
                0x0000000087108588                gfx_context_load
                0x0000000087108670                gfx_start
                0x00000000871087c4                gfx_update
 .text          0x0000000087108be8      0xbf4 libretro_core.a(pcm.o)
                0x0000000087108be8                pcm_init
                0x0000000087108c60                pcm_reset
                0x0000000087108cf8                pcm_context_save
                0x0000000087108e30                pcm_context_load
                0x0000000087108f5c                pcm_run
                0x00000000871092b4                pcm_update
                0x0000000087109300                pcm_write
                0x0000000087109644                pcm_read
                0x0000000087109748                pcm_ram_dma_w
 .text          0x00000000871097dc     0x3c6c libretro_core.a(scd.o)
                0x000000008710a4d4                prg_ram_dma_w
                0x000000008710a588                scd_init
                0x000000008710aad4                scd_reset
                0x000000008710bfec                scd_update
                0x000000008710c26c                scd_end_frame
                0x000000008710c2f0                scd_context_save
                0x000000008710c8e4                scd_context_load
                0x000000008710d3dc                scd_68k_irq_ack
 .text          0x000000008710d448      0x698 libretro_core.a(areplay.o)
                0x000000008710d4a4                areplay_init
                0x000000008710d6b0                areplay_reset
                0x000000008710d804                areplay_get_status
                0x000000008710d828                areplay_set_status
                0x000000008710dabc                areplay_shutdown
 .text          0x000000008710dae0      0x590 libretro_core.a(ggenie.o)
                0x000000008710ddcc                ggenie_init
                0x000000008710deb0                ggenie_switch
                0x000000008710df20                ggenie_shutdown
                0x000000008710df58                ggenie_reset
 .text          0x000000008710e070     0x2fac libretro_core.a(md_cart.o)
                0x000000008710fa4c                md_cart_init
                0x00000000871109c8                md_cart_reset
                0x0000000087110b70                md_cart_context_save
                0x0000000087110d7c                md_cart_context_load
 .text          0x000000008711101c     0x1690 libretro_core.a(megasd.o)
                0x0000000087111c8c                megasd_reset
                0x0000000087111d3c                megasd_context_save
                0x0000000087111e04                megasd_context_load
                0x0000000087111ed0                megasd_enhanced_ssf2_mapper_w
                0x00000000871122fc                megasd_rom_mapper_w
                0x00000000871123b8                megasd_update_cdda
 .text          0x00000000871126ac     0x2e48 libretro_core.a(sms_cart.o)
                0x00000000871149a8                sms_cart_init
                0x0000000087114d2c                sms_cart_reset
                0x0000000087114e9c                sms_cart_switch
                0x0000000087115068                sms_cart_ram_size
                0x0000000087115098                sms_cart_region_detect
                0x0000000087115210                sms_cart_context_save
                0x0000000087115350                sms_cart_context_load
 .text          0x00000000871154f4      0x448 libretro_core.a(sram.o)
                0x00000000871154f4                sram_init
                0x00000000871158c8                sram_read_byte
                0x00000000871158e0                sram_read_word
                0x0000000087115904                sram_write_byte
                0x000000008711591c                sram_write_word
 .text          0x000000008711593c     0x2c00 libretro_core.a(ssp16.o)
                0x000000008711676c                ssp1601_reset
                0x0000000087116794                ssp1601_run
 .text          0x000000008711853c      0x2b8 libretro_core.a(svp.o)
                0x0000000087118690                svp_init
                0x0000000087118774                svp_reset
 .text          0x00000000871187f4     0x3a40 libretro_core.a(vorbisfile.o)
                0x00000000871199e4                ov_clear
                0x0000000087119a14                ov_test_callbacks
                0x0000000087119a1c                ov_test
                0x0000000087119a64                ov_streams
                0x0000000087119a6c                ov_seekable
                0x0000000087119a74                ov_bitrate_instant
                0x0000000087119b18                ov_serialnumber
                0x0000000087119b70                ov_raw_total
                0x0000000087119c8c                ov_pcm_total
                0x0000000087119d8c                ov_time_total
                0x0000000087119ecc                ov_bitrate
                0x000000008711a0dc                ov_raw_seek
                0x000000008711aa28                ov_test_open
                0x000000008711aaa0                ov_open_callbacks
                0x000000008711ab48                ov_open
                0x000000008711ab90                ov_pcm_seek_page
                0x000000008711b4e0                ov_pcm_seek
                0x000000008711b994                ov_time_seek
                0x000000008711bb8c                ov_time_seek_page
                0x000000008711bd84                ov_raw_tell
                0x000000008711bdac                ov_pcm_tell
                0x000000008711bdd4                ov_time_tell
                0x000000008711bf84                ov_info
                0x000000008711bfe8                ov_comment
                0x000000008711c04c                ov_read
 .text          0x000000008711c234     0x3a10 libretro_core.a(libchdr_chd.o)
                0x000000008711ddb4                crc16
                0x000000008711de04                chd_precache
                0x000000008711ded0                chd_close
                0x000000008711def8                chd_core_file
                0x000000008711df00                chd_error_string
                0x000000008711df2c                chd_get_header
                0x000000008711df58                chd_read
                0x000000008711df9c                chd_get_metadata
                0x000000008711fb30                chd_open_file
                0x000000008711fb64                chd_open
                0x000000008711fc30                chd_codec_config
                0x000000008711fc38                chd_get_codec_name
 .text          0x000000008711fc44    0x10358 libretro_core.a(libchdr_flac.o)
                0x000000008712dd50                drflac_version
                0x000000008712dd7c                drflac_version_string
                0x000000008712dd88                drflac_open_memory
                0x000000008712de18                drflac_open_memory_with_metadata
                0x000000008712dea8                drflac_open
                0x000000008712ded4                drflac_open_relaxed
                0x000000008712df08                drflac_open_with_metadata
                0x000000008712df34                drflac_open_with_metadata_relaxed
                0x000000008712df64                drflac_close
                0x000000008712df7c                drflac_read_pcm_frames_s32
                0x000000008712e234                drflac_read_pcm_frames_s16
                0x000000008712e4ec                drflac_read_pcm_frames_f32
                0x000000008712e7a4                drflac_seek_to_pcm_frame
                0x000000008712f518                drflac_open_and_read_pcm_frames_s32
                0x000000008712f5c0                drflac_open_and_read_pcm_frames_s16
                0x000000008712f668                drflac_open_and_read_pcm_frames_f32
                0x000000008712f710                drflac_open_memory_and_read_pcm_frames_s32
                0x000000008712f7a8                drflac_open_memory_and_read_pcm_frames_s16
                0x000000008712f840                drflac_open_memory_and_read_pcm_frames_f32
                0x000000008712f8d8                drflac_free
                0x000000008712f900                drflac_init_vorbis_comment_iterator
                0x000000008712f918                drflac_next_vorbis_comment
                0x000000008712f96c                drflac_init_cuesheet_track_iterator
                0x000000008712f984                drflac_next_cuesheet_track
                0x000000008712fadc                flac_decoder_init
                0x000000008712fb10                flac_decoder_free
                0x000000008712fb4c                flac_decoder_reset
                0x000000008712fc90                flac_decoder_decode_interleaved
                0x000000008712feb8                flac_decoder_finish
 .text          0x000000008712ff9c      0xc1c libretro_core.a(libchdr_huffman.o)
                0x0000000087130010                create_huffman_decoder
                0x00000000871300b4                delete_huffman_decoder
                0x000000008713010c                huffman_decode_one
                0x0000000087130164                huffman_build_tree
                0x0000000087130484                huffman_assign_canonical_codes
                0x00000000871305d4                huffman_compute_tree_from_histo
                0x00000000871306c0                huffman_build_lookup_table
                0x0000000087130770                huffman_import_tree_rle
                0x0000000087130944                huffman_import_tree_huffman
 .text          0x0000000087130bb8     0x1d3c libretro_core.a(opll.o)
                0x0000000087130bb8                OPLL_DoIO
                0x0000000087130bf4                OPLL_DoModeWrite
                0x0000000087130d3c                OPLL_Reset
                0x0000000087130dd4                OPLL_DoRegWrite
                0x0000000087130fa0                OPLL_PreparePatch1
                0x00000000871310c8                OPLL_PreparePatch2
                0x00000000871311d0                OPLL_PhaseGenerate
                0x0000000087131404                OPLL_PhaseCalcIncrement
                0x0000000087131520                OPLL_EnvelopeKSLTL
                0x000000008713159c                OPLL_EnvelopeOutput
                0x0000000087131618                OPLL_EnvelopeGenerate
                0x0000000087131f3c                OPLL_Channel
                0x0000000087132124                OPLL_Operator
                0x00000000871324a0                OPLL_DoRhythm
                0x00000000871324dc                OPLL_DoLFO
                0x0000000087132644                OPLL_Clock
                0x00000000871328c8                OPLL_Write
 .text          0x00000000871328f4      0x514 libretro_core.a(cd_cart.o)
                0x0000000087132bc0                cd_cart_init
 .text          0x0000000087132e08      0x354 libretro_core.a(eeprom_93c.o)
                0x0000000087132e08                eeprom_93c_init
                0x0000000087132e3c                eeprom_93c_write
                0x0000000087133138                eeprom_93c_read
 .text          0x000000008713315c      0xcb0 libretro_core.a(eeprom_i2c.o)
                0x0000000087133b1c                eeprom_i2c_init
 .text          0x0000000087133e0c      0x39c libretro_core.a(eeprom_spi.o)
                0x0000000087133e0c                eeprom_spi_init
                0x0000000087133e48                eeprom_spi_write
                0x000000008713419c                eeprom_spi_read
 .text          0x00000000871341a8      0xe08 libretro_core.a(block.o)
                0x00000000871341a8                vorbis_block_init
                0x00000000871341e4                _vorbis_block_alloc
                0x00000000871342b4                _vorbis_block_ripcord
                0x0000000087134344                vorbis_block_clear
                0x0000000087134390                vorbis_synthesis_restart
                0x00000000871343fc                vorbis_synthesis_init
                0x0000000087134684                vorbis_dsp_clear
                0x0000000087134820                vorbis_synthesis_blockin
                0x0000000087134f0c                vorbis_synthesis_pcmout
                0x0000000087134f80                vorbis_synthesis_read
 .text          0x0000000087134fb0     0x2014 libretro_core.a(framing.o)
                0x0000000087135b5c                ogg_buffer_dup
                0x0000000087135c30                ogg_page_version
                0x0000000087135c5c                ogg_page_continued
                0x0000000087135c8c                ogg_page_bos
                0x0000000087135cbc                ogg_page_eos
                0x0000000087135cec                ogg_page_granulepos
                0x0000000087135e34                ogg_page_serialno
                0x0000000087135e60                ogg_page_pageno
                0x0000000087135e8c                ogg_page_packets
                0x0000000087135f04                ogg_sync_create
                0x0000000087135f5c                ogg_sync_destroy
                0x0000000087135fe4                ogg_sync_bufferin
                0x0000000087136108                ogg_sync_wrote
                0x0000000087136158                ogg_sync_reset
                0x00000000871361b4                ogg_stream_create
                0x00000000871361ec                ogg_stream_destroy
                0x0000000087136264                ogg_stream_reset
                0x0000000087136314                ogg_stream_reset_serialno
                0x000000008713634c                ogg_packet_release
                0x0000000087136990                ogg_stream_packetout
                0x0000000087136998                ogg_stream_packetpeek
                0x00000000871369a0                ogg_page_release
                0x0000000087136a20                ogg_sync_pageseek
                0x0000000087136d70                ogg_sync_pageout
                0x0000000087136df0                ogg_stream_pagein
                0x0000000087136f70                ogg_page_dup
 .text          0x0000000087136fc4      0xcb8 libretro_core.a(info.o)
                0x0000000087137138                vorbis_comment_init
                0x0000000087137144                vorbis_comment_query
                0x0000000087137284                vorbis_comment_query_count
                0x0000000087137398                vorbis_comment_clear
                0x00000000871373b0                vorbis_info_blocksize
                0x00000000871373d0                vorbis_info_init
                0x000000008713740c                vorbis_info_clear
                0x0000000087137614                vorbis_synthesis_headerin
 .text          0x0000000087137c7c      0xcfc libretro_core.a(res012.o)
                0x0000000087137c7c                res0_free_info
                0x0000000087137c94                res0_unpack
                0x0000000087137e98                res0_look
                0x0000000087138538                res0_inverse
                0x000000008713859c                res1_inverse
                0x0000000087138600                res2_inverse
                0x00000000871388b0                res0_free_look
 .text          0x0000000087138978     0x12a4 libretro_core.a(sharedbook.o)
                0x0000000087138a38                _ilog
                0x0000000087138a54                _make_words
                0x0000000087138cb4                _book_maptype1_quantvals
                0x0000000087138d64                _book_unquantize
                0x00000000871395e0                vorbis_staticbook_clear
                0x0000000087139630                vorbis_staticbook_destroy
                0x0000000087139658                vorbis_book_clear
                0x00000000871396e4                vorbis_book_init_decode
 .text          0x0000000087139c1c      0x2c8 libretro_core.a(synthesis.o)
                0x0000000087139c1c                vorbis_synthesis
                0x0000000087139e48                vorbis_packet_blocksize
 .text          0x0000000087139ee4      0x268 libretro_core.a(window.o)
                0x0000000087139ee4                _vorbis_window
                0x0000000087139fb0                _vorbis_apply_window
 .text          0x000000008713a14c     0x2a74 libretro_core.a(LzmaDec.o)
                0x000000008713c1d0                LzmaDec_InitDicAndState
                0x000000008713c204                LzmaDec_Init
                0x000000008713c220                LzmaDec_DecodeToDic
                0x000000008713c6d4                LzmaDec_DecodeToBuf
                0x000000008713c820                LzmaDec_FreeProbs
                0x000000008713c858                LzmaDec_Free
                0x000000008713c8ac                LzmaProps_Decode
                0x000000008713c8c8                LzmaDec_AllocateProbs
                0x000000008713c8e4                LzmaDec_Allocate
                0x000000008713ca20                LzmaDecode
 .text          0x000000008713cbc0     0x1154 libretro_core.a(LzmaEnc.o)
                0x000000008713d1d4                LzmaEncProps_Init
                0x000000008713d220                LzmaEncProps_Normalize
                0x000000008713d3f0                LzmaEncProps_GetDictSize
                0x000000008713d454                LzmaEnc_SetProps
                0x000000008713d598                LzmaEnc_SetDataSize
                0x000000008713d5a4                LzmaEnc_Construct
                0x000000008713d6e4                LzmaEnc_Create
                0x000000008713d71c                LzmaEnc_FreeLits
                0x000000008713d780                LzmaEnc_Destruct
                0x000000008713d804                LzmaEnc_Destroy
                0x000000008713d840                LzmaEnc_Init
                0x000000008713da28                LzmaEnc_InitPrices
                0x000000008713dba8                LzmaEnc_GetNumAvailableBytes
                0x000000008713dbb4                LzmaEnc_GetCurBuf
                0x000000008713dbec                LzmaEnc_WriteProperties
 .text          0x000000008713dd14      0x1cc libretro_core.a(libchdr_bitstream.o)
                0x000000008713dd88                bitstream_overflow
                0x000000008713ddb0                create_bitstream
                0x000000008713ddf8                bitstream_peek
                0x000000008713de10                bitstream_remove
                0x000000008713de2c                bitstream_read
                0x000000008713de88                bitstream_read_offset
                0x000000008713deb0                bitstream_flush
 .text          0x000000008713dee0      0x2a0 libretro_core.a(libchdr_cdrom.o)
                0x000000008713dee0                ecc_compute_bytes
                0x000000008713dfe8                ecc_verify
                0x000000008713e0bc                ecc_generate
                0x000000008713e144                ecc_clear
 .text          0x000000008713e180      0x968 libretro_core.a(bitwise.o)
                0x000000008713e280                oggpack_readinit
                0x000000008713e2dc                oggpack_look
                0x000000008713e564                oggpack_adv
                0x000000008713e5bc                oggpack_eop
                0x000000008713e5c8                oggpack_read
                0x000000008713ea74                oggpack_bytes
                0x000000008713eab4                oggpack_bits
 .text          0x000000008713eae8     0x1890 libretro_core.a(codebook.o)
                0x000000008713eb88                vorbis_staticbook_unpack
                0x000000008713ef24                vorbis_book_decode
                0x000000008713f104                vorbis_book_decodevs_add
                0x000000008713f634                vorbis_book_decodev_add
                0x000000008713fa78                vorbis_book_decodev_set
                0x000000008713feec                vorbis_book_decodevv_add
 .text          0x0000000087140378      0xd48 libretro_core.a(floor0.o)
                0x00000000871409d0                vorbis_lsp_to_curve
 .text          0x00000000871410c0      0xb70 libretro_core.a(floor1.o)
 .text          0x0000000087141c30      0x9f8 libretro_core.a(mapping0.o)
 .text          0x0000000087142628     0x1e60 libretro_core.a(mdct.o)
                0x0000000087142628                mdct_backward
 .text          0x0000000087144488     0x2094 libretro_core.a(LzFind.o)
                0x0000000087144488                MatchFinder_GetPointerToCurrentPos
                0x0000000087144490                MatchFinder_GetNumAvailableBytes
                0x0000000087144864                MatchFinder_ReduceOffsets
                0x000000008714488c                MatchFinder_MoveBlock
                0x00000000871451f0                MatchFinder_NeedMove
                0x0000000087145228                MatchFinder_ReadIfRequired
                0x0000000087145260                MatchFinder_Construct
                0x00000000871452e8                MatchFinder_Free
                0x0000000087145344                MatchFinder_Create
                0x000000008714562c                MatchFinder_Init_LowHash
                0x0000000087145658                MatchFinder_Init_HighHash
                0x000000008714569c                MatchFinder_Init_3
                0x00000000871456ec                MatchFinder_Init
                0x0000000087145750                MatchFinder_Normalize3
                0x0000000087145788                GetMatchesSpec1
                0x0000000087146024                Bt3Zip_MatchFinder_GetMatches
                0x0000000087146150                Hc3Zip_MatchFinder_GetMatches
                0x000000008714627c                Bt3Zip_MatchFinder_Skip
                0x0000000087146384                Hc3Zip_MatchFinder_Skip
                0x000000008714646c                MatchFinder_CreateVTable
 .text.strlcpy_retro__
                0x000000008714651c       0x9c libretro-common.a(compat_strl.o)
                0x000000008714651c                strlcpy_retro__
 .text.strlcat_retro__
                0x00000000871465b8       0x74 libretro-common.a(compat_strl.o)
                0x00000000871465b8                strlcat_retro__
 .text.rhmap__free
                0x000000008714662c       0x78 libretro-common.a(config_file.o)
 .text.config_file_extract_value
                0x00000000871466a4      0x150 libretro-common.a(config_file.o)
 .text.rhmap__grow.constprop.7
                0x00000000871467f4      0x214 libretro-common.a(config_file.o)
 .text.rhmap__idx.part.0
                0x0000000087146a08      0x22c libretro-common.a(config_file.o)
 .text.config_file_add_reference
                0x0000000087146c34       0x84 libretro-common.a(config_file.o)
                0x0000000087146c34                config_file_add_reference
 .text.config_file_deinitialize
                0x0000000087146cb8      0x11c libretro-common.a(config_file.o)
                0x0000000087146cb8                config_file_deinitialize
 .text.config_file_parse_line.isra.3
                0x0000000087146dd4      0x62c libretro-common.a(config_file.o)
 .text.config_file_load_internal
                0x0000000087147400      0x2e8 libretro-common.a(config_file.o)
 .text.config_file_free
                0x00000000871476e8       0x38 libretro-common.a(config_file.o)
                0x00000000871476e8                config_file_free
 .text.config_file_new_alloc
                0x0000000087147720       0x4c libretro-common.a(config_file.o)
                0x0000000087147720                config_file_new_alloc
 .text.config_file_new_from_string
                0x000000008714776c      0x284 libretro-common.a(config_file.o)
                0x000000008714776c                config_file_new_from_string
 .text.config_file_new_from_path_to_string
                0x00000000871479f0       0x9c libretro-common.a(config_file.o)
                0x00000000871479f0                config_file_new_from_path_to_string
 .text.config_get_entry
                0x0000000087147a8c      0x108 libretro-common.a(config_file.o)
                0x0000000087147a8c                config_get_entry
 .text.path_basedir.part.1
                0x0000000087147b94       0x58 libretro-common.a(file_path.o)
 .text.path_linked_list_new
                0x0000000087147bec       0x24 libretro-common.a(file_path.o)
                0x0000000087147bec                path_linked_list_new
 .text.path_linked_list_free
                0x0000000087147c10       0x60 libretro-common.a(file_path.o)
                0x0000000087147c10                path_linked_list_free
 .text.path_linked_list_add_path
                0x0000000087147c70       0x98 libretro-common.a(file_path.o)
                0x0000000087147c70                path_linked_list_add_path
 .text.path_get_archive_delim
                0x0000000087147d08      0x150 libretro-common.a(file_path.o)
                0x0000000087147d08                path_get_archive_delim
 .text.fill_pathname_slash
                0x0000000087147e58       0x8c libretro-common.a(file_path.o)
                0x0000000087147e58                fill_pathname_slash
 .text.path_basename
                0x0000000087147ee4       0x48 libretro-common.a(file_path.o)
                0x0000000087147ee4                path_basename
 .text.path_remove_extension
                0x0000000087147f2c       0x74 libretro-common.a(file_path.o)
                0x0000000087147f2c                path_remove_extension
 .text.fill_pathname_base
                0x0000000087147fa0       0x70 libretro-common.a(file_path.o)
                0x0000000087147fa0                fill_pathname_base
 .text.path_relative_to
                0x0000000087148010      0x118 libretro-common.a(file_path.o)
                0x0000000087148010                path_relative_to
 .text.fill_pathname_resolve_relative
                0x0000000087148128       0xcc libretro-common.a(file_path.o)
                0x0000000087148128                fill_pathname_resolve_relative
 .text.fill_pathname_join
                0x00000000871481f4       0x68 libretro-common.a(file_path.o)
                0x00000000871481f4                fill_pathname_join
 .text.fill_pathname_abbreviated_or_relative
                0x000000008714825c      0x288 libretro-common.a(file_path.o)
                0x000000008714825c                fill_pathname_abbreviated_or_relative
 .text.path_is_valid
                0x00000000871484e4       0x28 libretro-common.a(file_path_io.o)
                0x00000000871484e4                path_is_valid
 .text.filestream_vfs_init
                0x000000008714850c      0x12c libretro-common.a(file_stream.o)
                0x000000008714850c                filestream_vfs_init
 .text.filestream_get_size
                0x0000000087148638       0x6c libretro-common.a(file_stream.o)
                0x0000000087148638                filestream_get_size
 .text.filestream_open
                0x00000000871486a4       0x5c libretro-common.a(file_stream.o)
                0x00000000871486a4                filestream_open
 .text.filestream_seek
                0x0000000087148700       0x74 libretro-common.a(file_stream.o)
                0x0000000087148700                filestream_seek
 .text.filestream_tell
                0x0000000087148774       0x74 libretro-common.a(file_stream.o)
                0x0000000087148774                filestream_tell
 .text.filestream_eof
                0x00000000871487e8       0x58 libretro-common.a(file_stream.o)
                0x00000000871487e8                filestream_eof
 .text.filestream_read
                0x0000000087148840       0x6c libretro-common.a(file_stream.o)
                0x0000000087148840                filestream_read
 .text.filestream_getc
                0x00000000871488ac       0x4c libretro-common.a(file_stream.o)
                0x00000000871488ac                filestream_getc
 .text.filestream_gets
                0x00000000871488f8       0xbc libretro-common.a(file_stream.o)
                0x00000000871488f8                filestream_gets
 .text.filestream_write
                0x00000000871489b4       0x6c libretro-common.a(file_stream.o)
                0x00000000871489b4                filestream_write
 .text.filestream_close
                0x0000000087148a20       0x60 libretro-common.a(file_stream.o)
                0x0000000087148a20                filestream_close
 .text.filestream_read_file
                0x0000000087148a80      0x168 libretro-common.a(file_stream.o)
                0x0000000087148a80                filestream_read_file
 .text.filestream_getline
                0x0000000087148be8      0x15c libretro-common.a(file_stream.o)
                0x0000000087148be8                filestream_getline
 .text.rfopen   0x0000000087148d44      0x110 libretro-common.a(file_stream_transforms.o)
                0x0000000087148d44                rfopen
 .text.rfclose  0x0000000087148e54       0x18 libretro-common.a(file_stream_transforms.o)
                0x0000000087148e54                rfclose
 .text.rftell   0x0000000087148e6c       0x1c libretro-common.a(file_stream_transforms.o)
                0x0000000087148e6c                rftell
 .text.rfseek   0x0000000087148e88       0x48 libretro-common.a(file_stream_transforms.o)
                0x0000000087148e88                rfseek
 .text.rfread   0x0000000087148ed0       0x64 libretro-common.a(file_stream_transforms.o)
                0x0000000087148ed0                rfread
 .text.rfgets   0x0000000087148f34       0x20 libretro-common.a(file_stream_transforms.o)
                0x0000000087148f34                rfgets
 .text.string_to_lower
                0x0000000087148f54       0x80 libretro-common.a(stdstring.o)
                0x0000000087148f54                string_to_lower
 .text.retro_vfs_file_seek_internal
                0x0000000087148fd4       0x68 libretro-common.a(vfs_implementation.o)
                0x0000000087148fd4                retro_vfs_file_seek_internal
 .text.retro_vfs_file_close_impl
                0x000000008714903c       0xa0 libretro-common.a(vfs_implementation.o)
                0x000000008714903c                retro_vfs_file_close_impl
 .text.retro_vfs_file_size_impl
                0x00000000871490dc       0x20 libretro-common.a(vfs_implementation.o)
                0x00000000871490dc                retro_vfs_file_size_impl
 .text.retro_vfs_file_tell_impl
                0x00000000871490fc       0x68 libretro-common.a(vfs_implementation.o)
                0x00000000871490fc                retro_vfs_file_tell_impl
 .text.retro_vfs_file_open_impl
                0x0000000087149164      0x1b4 libretro-common.a(vfs_implementation.o)
                0x0000000087149164                retro_vfs_file_open_impl
 .text.retro_vfs_file_seek_impl
                0x0000000087149318        0x8 libretro-common.a(vfs_implementation.o)
                0x0000000087149318                retro_vfs_file_seek_impl
 .text.retro_vfs_file_read_impl
                0x0000000087149320       0x68 libretro-common.a(vfs_implementation.o)
                0x0000000087149320                retro_vfs_file_read_impl
 .text.retro_vfs_file_write_impl
                0x0000000087149388      0x184 libretro-common.a(vfs_implementation.o)
                0x0000000087149388                retro_vfs_file_write_impl
 .text.retro_vfs_stat_impl
                0x000000008714950c       0x94 libretro-common.a(vfs_implementation.o)
                0x000000008714950c                retro_vfs_stat_impl
 .text.crc32    0x00000000871495a0      0x184 libretro-common.a(crc32.o)
                0x00000000871495a0                crc32
 .text.updatewindow.isra.0
                0x0000000087149724      0x1b4 libretro-common.a(inflate.o)
 .text.inflateResetKeep
                0x00000000871498d8       0x7c libretro-common.a(inflate.o)
                0x00000000871498d8                inflateResetKeep
 .text.inflateReset
                0x0000000087149954       0x2c libretro-common.a(inflate.o)
                0x0000000087149954                inflateReset
 .text.inflateReset2
                0x0000000087149980       0xdc libretro-common.a(inflate.o)
                0x0000000087149980                inflateReset2
 .text.inflateInit2_
                0x0000000087149a5c      0x190 libretro-common.a(inflate.o)
                0x0000000087149a5c                inflateInit2_
 .text.inflate  0x0000000087149bec     0x1dbc libretro-common.a(inflate.o)
                0x0000000087149bec                inflate
 .text.inflateEnd
                0x000000008714b9a8       0x60 libretro-common.a(inflate.o)
                0x000000008714b9a8                inflateEnd
 .text.inflate_table
                0x000000008714ba08      0x568 libretro-common.a(inftrees.o)
                0x000000008714ba08                inflate_table
 .text.zcalloc  0x000000008714bf70        0x8 libretro-common.a(zutil.o)
                0x000000008714bf70                zcalloc
 .text.zcfree   0x000000008714bf78        0x8 libretro-common.a(zutil.o)
                0x000000008714bf78                zcfree
 .text.adler32  0x000000008714bf80      0x198 libretro-common.a(adler32.o)
                0x000000008714bf80                adler32
 .text.inflate_fast
                0x000000008714c118      0x5c0 libretro-common.a(inffast.o)
                0x000000008714c118                inflate_fast
 .text          0x000000008714c6d8       0x2c /opt/mips32-mti-elf/2019.09-03-2/lib/gcc/mips-mti-elf/7.4.0/mips32/el/sof/libgcc.a(_bswapsi2.o)
                0x000000008714c6d8                __bswapsi2
 .text          0x000000008714c704       0x58 /opt/mips32-mti-elf/2019.09-03-2/lib/gcc/mips-mti-elf/7.4.0/mips32/el/sof/libgcc.a(_bswapdi2.o)
                0x000000008714c704                __bswapdi2
 .text          0x000000008714c75c      0x444 /opt/mips32-mti-elf/2019.09-03-2/lib/gcc/mips-mti-elf/7.4.0/mips32/el/sof/libgcc.a(_divdi3.o)
                0x000000008714c75c                __divdi3
 .text          0x000000008714cba0      0x3f0 /opt/mips32-mti-elf/2019.09-03-2/lib/gcc/mips-mti-elf/7.4.0/mips32/el/sof/libgcc.a(_udivdi3.o)
                0x000000008714cba0                __udivdi3
 .text          0x000000008714cf90      0x4d0 /opt/mips32-mti-elf/2019.09-03-2/lib/gcc/mips-mti-elf/7.4.0/mips32/el/sof/libgcc.a(addsf3.o)
                0x000000008714cf90                __addsf3
 .text          0x000000008714d460      0x378 /opt/mips32-mti-elf/2019.09-03-2/lib/gcc/mips-mti-elf/7.4.0/mips32/el/sof/libgcc.a(divsf3.o)
                0x000000008714d460                __divsf3
 .text          0x000000008714d7d8      0x11c /opt/mips32-mti-elf/2019.09-03-2/lib/gcc/mips-mti-elf/7.4.0/mips32/el/sof/libgcc.a(gesf2.o)
                0x000000008714d7d8                __gtsf2
                0x000000008714d7d8                __gesf2
 .text          0x000000008714d8f4      0x11c /opt/mips32-mti-elf/2019.09-03-2/lib/gcc/mips-mti-elf/7.4.0/mips32/el/sof/libgcc.a(lesf2.o)
                0x000000008714d8f4                __lesf2
                0x000000008714d8f4                __ltsf2
 .text          0x000000008714da10      0x2e8 /opt/mips32-mti-elf/2019.09-03-2/lib/gcc/mips-mti-elf/7.4.0/mips32/el/sof/libgcc.a(mulsf3.o)
                0x000000008714da10                __mulsf3
 .text          0x000000008714dcf8      0x508 /opt/mips32-mti-elf/2019.09-03-2/lib/gcc/mips-mti-elf/7.4.0/mips32/el/sof/libgcc.a(subsf3.o)
                0x000000008714dcf8                __subsf3
 .text          0x000000008714e200       0x78 /opt/mips32-mti-elf/2019.09-03-2/lib/gcc/mips-mti-elf/7.4.0/mips32/el/sof/libgcc.a(fixsfsi.o)
                0x000000008714e200                __fixsfsi
 .text          0x000000008714e278       0x68 /opt/mips32-mti-elf/2019.09-03-2/lib/gcc/mips-mti-elf/7.4.0/mips32/el/sof/libgcc.a(fixunssfsi.o)
                0x000000008714e278                __fixunssfsi
 .text          0x000000008714e2e0       0xfc /opt/mips32-mti-elf/2019.09-03-2/lib/gcc/mips-mti-elf/7.4.0/mips32/el/sof/libgcc.a(floatsisf.o)
                0x000000008714e2e0                __floatsisf
 .text          0x000000008714e3dc       0xd8 /opt/mips32-mti-elf/2019.09-03-2/lib/gcc/mips-mti-elf/7.4.0/mips32/el/sof/libgcc.a(floatunsisf.o)
                0x000000008714e3dc                __floatunsisf
 .text          0x000000008714e4b4       0x88 /opt/mips32-mti-elf/2019.09-03-2/lib/gcc/mips-mti-elf/7.4.0/mips32/el/sof/libgcc.a(fixunssfdi.o)
                0x000000008714e4b4                __fixunssfdi
 .text          0x000000008714e53c      0x16c /opt/mips32-mti-elf/2019.09-03-2/lib/gcc/mips-mti-elf/7.4.0/mips32/el/sof/libgcc.a(floatdisf.o)
                0x000000008714e53c                __floatdisf
 .text          0x000000008714e6a8      0x890 /opt/mips32-mti-elf/2019.09-03-2/lib/gcc/mips-mti-elf/7.4.0/mips32/el/sof/libgcc.a(adddf3.o)
                0x000000008714e6a8                __adddf3
 .text          0x000000008714ef38      0x6d8 /opt/mips32-mti-elf/2019.09-03-2/lib/gcc/mips-mti-elf/7.4.0/mips32/el/sof/libgcc.a(divdf3.o)
                0x000000008714ef38                __divdf3
 .text          0x000000008714f610       0xa0 /opt/mips32-mti-elf/2019.09-03-2/lib/gcc/mips-mti-elf/7.4.0/mips32/el/sof/libgcc.a(eqdf2.o)
                0x000000008714f610                __eqdf2
                0x000000008714f610                __nedf2
 .text          0x000000008714f6b0      0x14c /opt/mips32-mti-elf/2019.09-03-2/lib/gcc/mips-mti-elf/7.4.0/mips32/el/sof/libgcc.a(gedf2.o)
                0x000000008714f6b0                __gtdf2
                0x000000008714f6b0                __gedf2
 .text          0x000000008714f7fc      0x14c /opt/mips32-mti-elf/2019.09-03-2/lib/gcc/mips-mti-elf/7.4.0/mips32/el/sof/libgcc.a(ledf2.o)
                0x000000008714f7fc                __ltdf2
                0x000000008714f7fc                __ledf2
 .text          0x000000008714f948      0x690 /opt/mips32-mti-elf/2019.09-03-2/lib/gcc/mips-mti-elf/7.4.0/mips32/el/sof/libgcc.a(muldf3.o)
                0x000000008714f948                __muldf3
 .text          0x000000008714ffd8      0x8e8 /opt/mips32-mti-elf/2019.09-03-2/lib/gcc/mips-mti-elf/7.4.0/mips32/el/sof/libgcc.a(subdf3.o)
                0x000000008714ffd8                __subdf3
 .text          0x00000000871508c0       0x88 /opt/mips32-mti-elf/2019.09-03-2/lib/gcc/mips-mti-elf/7.4.0/mips32/el/sof/libgcc.a(fixdfsi.o)
                0x00000000871508c0                __fixdfsi
 .text          0x0000000087150948       0x78 /opt/mips32-mti-elf/2019.09-03-2/lib/gcc/mips-mti-elf/7.4.0/mips32/el/sof/libgcc.a(fixunsdfsi.o)
                0x0000000087150948                __fixunsdfsi
 .text          0x00000000871509c0       0x8c /opt/mips32-mti-elf/2019.09-03-2/lib/gcc/mips-mti-elf/7.4.0/mips32/el/sof/libgcc.a(floatsidf.o)
                0x00000000871509c0                __floatsidf
 .text          0x0000000087150a4c       0x70 /opt/mips32-mti-elf/2019.09-03-2/lib/gcc/mips-mti-elf/7.4.0/mips32/el/sof/libgcc.a(floatunsidf.o)
                0x0000000087150a4c                __floatunsidf
 .text          0x0000000087150abc       0xb0 /opt/mips32-mti-elf/2019.09-03-2/lib/gcc/mips-mti-elf/7.4.0/mips32/el/sof/libgcc.a(fixunsdfdi.o)
                0x0000000087150abc                __fixunsdfdi
 .text          0x0000000087150b6c      0x1c0 /opt/mips32-mti-elf/2019.09-03-2/lib/gcc/mips-mti-elf/7.4.0/mips32/el/sof/libgcc.a(floatundidf.o)
                0x0000000087150b6c                __floatundidf
 .text          0x0000000087150d2c       0xfc /opt/mips32-mti-elf/2019.09-03-2/lib/gcc/mips-mti-elf/7.4.0/mips32/el/sof/libgcc.a(extendsfdf2.o)
                0x0000000087150d2c                __extendsfdf2
 .text          0x0000000087150e28      0x1dc /opt/mips32-mti-elf/2019.09-03-2/lib/gcc/mips-mti-elf/7.4.0/mips32/el/sof/libgcc.a(truncdfsf2.o)
                0x0000000087150e28                __truncdfsf2
 .text          0x0000000087151004       0x40 /opt/mips32-mti-elf/2019.09-03-2/lib/gcc/mips-mti-elf/7.4.0/mips32/el/sof/libgcc.a(_lshrdi3.o)
                0x0000000087151004                __lshrdi3
 .text          0x0000000087151044       0x40 /opt/mips32-mti-elf/2019.09-03-2/lib/gcc/mips-mti-elf/7.4.0/mips32/el/sof/libgcc.a(_ashldi3.o)
                0x0000000087151044                __ashldi3
 .text          0x0000000087151084       0x54 /opt/mips32-mti-elf/2019.09-03-2/mips-mti-elf/lib/mips32/el/sof/libc.a(lib_a-getenv.o)
                0x0000000087151084                _findenv
                0x00000000871510b0                getenv
 .text          0x00000000871510d8      0x124 /opt/mips32-mti-elf/2019.09-03-2/mips-mti-elf/lib/mips32/el/sof/libc.a(lib_a-getenv_r.o)
                0x00000000871510d8                _findenv_r
                0x00000000871511e0                _getenv_r
 .text          0x00000000871511fc       0xe0 /opt/mips32-mti-elf/2019.09-03-2/mips-mti-elf/lib/mips32/el/sof/libc.a(lib_a-locale.o)
                0x00000000871511fc                _setlocale_r
                0x0000000087151278                __locale_mb_cur_max
                0x000000008715129c                __locale_ctype_ptr_l
                0x00000000871512a4                __locale_ctype_ptr
                0x00000000871512c8                setlocale
 .text          0x00000000871512dc       0x5c /opt/mips32-mti-elf/2019.09-03-2/mips-mti-elf/lib/mips32/el/sof/libc.a(lib_a-mbtowc_r.o)
                0x00000000871512dc                _mbtowc_r
                0x0000000087151308                __ascii_mbtowc
 .text          0x0000000087151338      0x520 /opt/mips32-mti-elf/2019.09-03-2/mips-mti-elf/lib/mips32/el/sof/libc.a(lib_a-qsort.o)
                0x0000000087151444                qsort
 .text          0x0000000087151858       0x70 /opt/mips32-mti-elf/2019.09-03-2/mips-mti-elf/lib/mips32/el/sof/libc.a(lib_a-setjmp.o)
                0x0000000087151858                setjmp
                0x000000008715188c                longjmp
 .text          0x00000000871518c8       0x28 /opt/mips32-mti-elf/2019.09-03-2/mips-mti-elf/lib/mips32/el/sof/libc.a(lib_a-strtok.o)
                0x00000000871518c8                strtok
 .text          0x00000000871518f0       0xb8 /opt/mips32-mti-elf/2019.09-03-2/mips-mti-elf/lib/mips32/el/sof/libc.a(lib_a-strtok_r.o)
                0x00000000871518f0                __strtok_r
                0x00000000871519a0                strtok_r
 .text          0x00000000871519a8       0x5c /opt/mips32-mti-elf/2019.09-03-2/mips-mti-elf/lib/mips32/el/sof/libc.a(lib_a-wctomb_r.o)
                0x00000000871519a8                _wctomb_r
                0x00000000871519d0                __ascii_wctomb
 .text          0x0000000087151a04       0x10 /opt/mips32-mti-elf/2019.09-03-2/mips-mti-elf/lib/mips32/el/sof/libc.a(lib_a-envlock.o)
                0x0000000087151a04                __env_lock
                0x0000000087151a0c                __env_unlock
 .text          0x0000000087151a14       0xcc /opt/mips32-mti-elf/2019.09-03-2/mips-mti-elf/lib/mips32/el/sof/libm.a(lib_a-s_cos.o)
                0x0000000087151a14                cos
 .text          0x0000000087151ae0      0x1e4 /opt/mips32-mti-elf/2019.09-03-2/mips-mti-elf/lib/mips32/el/sof/libm.a(lib_a-s_floor.o)
                0x0000000087151ae0                floor
 .text          0x0000000087151cc4       0xd8 /opt/mips32-mti-elf/2019.09-03-2/mips-mti-elf/lib/mips32/el/sof/libm.a(lib_a-s_sin.o)
                0x0000000087151cc4                sin
 .text          0x0000000087151d9c      0x198 /opt/mips32-mti-elf/2019.09-03-2/mips-mti-elf/lib/mips32/el/sof/libm.a(lib_a-w_exp.o)
                0x0000000087151d9c                exp
 .text          0x0000000087151f34      0x1c8 /opt/mips32-mti-elf/2019.09-03-2/mips-mti-elf/lib/mips32/el/sof/libm.a(lib_a-w_log.o)
                0x0000000087151f34                log
 .text          0x00000000871520fc      0x4cc /opt/mips32-mti-elf/2019.09-03-2/mips-mti-elf/lib/mips32/el/sof/libm.a(lib_a-w_pow.o)
                0x00000000871520fc                pow
 .text          0x00000000871525c8      0x4fc /opt/mips32-mti-elf/2019.09-03-2/mips-mti-elf/lib/mips32/el/sof/libm.a(lib_a-e_exp.o)
                0x00000000871525c8                __ieee754_exp
 .text          0x0000000087152ac4      0x690 /opt/mips32-mti-elf/2019.09-03-2/mips-mti-elf/lib/mips32/el/sof/libm.a(lib_a-e_log.o)
                0x0000000087152ac4                __ieee754_log
 .text          0x0000000087153154     0x1170 /opt/mips32-mti-elf/2019.09-03-2/mips-mti-elf/lib/mips32/el/sof/libm.a(lib_a-e_pow.o)
                0x0000000087153154                __ieee754_pow
 .text          0x00000000871542c4      0x6f4 /opt/mips32-mti-elf/2019.09-03-2/mips-mti-elf/lib/mips32/el/sof/libm.a(lib_a-e_rem_pio2.o)
                0x00000000871542c4                __ieee754_rem_pio2
 .text          0x00000000871549b8      0x274 /opt/mips32-mti-elf/2019.09-03-2/mips-mti-elf/lib/mips32/el/sof/libm.a(lib_a-e_sqrt.o)
                0x00000000871549b8                __ieee754_sqrt
 .text          0x0000000087154c2c      0x2e4 /opt/mips32-mti-elf/2019.09-03-2/mips-mti-elf/lib/mips32/el/sof/libm.a(lib_a-k_cos.o)
                0x0000000087154c2c                __kernel_cos
 .text          0x0000000087154f10      0xc68 /opt/mips32-mti-elf/2019.09-03-2/mips-mti-elf/lib/mips32/el/sof/libm.a(lib_a-k_rem_pio2.o)
                0x0000000087154f10                __kernel_rem_pio2
 .text          0x0000000087155b78      0x2c4 /opt/mips32-mti-elf/2019.09-03-2/mips-mti-elf/lib/mips32/el/sof/libm.a(lib_a-k_sin.o)
                0x0000000087155b78                __kernel_sin
 .text          0x0000000087155e3c       0x14 /opt/mips32-mti-elf/2019.09-03-2/mips-mti-elf/lib/mips32/el/sof/libm.a(lib_a-s_fabs.o)
                0x0000000087155e3c                fabs
 .text          0x0000000087155e50       0x1c /opt/mips32-mti-elf/2019.09-03-2/mips-mti-elf/lib/mips32/el/sof/libm.a(lib_a-s_finite.o)
                0x0000000087155e50                finite
 .text          0x0000000087155e6c        0x8 /opt/mips32-mti-elf/2019.09-03-2/mips-mti-elf/lib/mips32/el/sof/libm.a(lib_a-s_matherr.o)
                0x0000000087155e6c                matherr
 .text          0x0000000087155e74       0x10 /opt/mips32-mti-elf/2019.09-03-2/mips-mti-elf/lib/mips32/el/sof/libm.a(lib_a-s_nan.o)
                0x0000000087155e74                nan
 .text          0x0000000087155e84      0x204 /opt/mips32-mti-elf/2019.09-03-2/mips-mti-elf/lib/mips32/el/sof/libm.a(lib_a-s_rint.o)
                0x0000000087155e84                rint
 .text          0x0000000087156088      0x168 /opt/mips32-mti-elf/2019.09-03-2/mips-mti-elf/lib/mips32/el/sof/libm.a(lib_a-s_scalbn.o)
                0x0000000087156088                scalbn
 .text          0x00000000871561f0       0x24 /opt/mips32-mti-elf/2019.09-03-2/mips-mti-elf/lib/mips32/el/sof/libm.a(lib_a-s_copysign.o)
                0x00000000871561f0                copysign
 .text          0x0000000087156214       0x50 /opt/mips32-mti-elf/2019.09-03-2/lib/gcc/mips-mti-elf/7.4.0/mips32/el/sof/libgcc.a(unorddf2.o)
                0x0000000087156214                __unorddf2
 *(.gnu.warning)
 *(.mips16.fn.*)
 *(.mips16.call.*)

.fini
 *(SORT_NONE(.fini))
                [!provide]                        PROVIDE (__etext = .)
                [!provide]                        PROVIDE (_etext = .)
                [!provide]                        PROVIDE (etext = .)

.rodata         0x0000000087156268    0xe0458 load address 0x0000000087156280
 *(.rodata .rodata.* .gnu.linkonce.r.*)
 .rodata.wrap_retro_load_game.str1.4
                0x0000000087156268       0xb9 core_api.o
 *fill*         0x0000000087156321        0x3 
 .rodata.log_cb.str1.4
                0x0000000087156324       0x45 core_api.o
 *fill*         0x0000000087156369        0x3 
 .rodata.wrap_environ_cb.str1.4
                0x000000008715636c      0x16b core_api.o
                                        0x16f (size before relaxing)
 *fill*         0x00000000871564d7        0x1 
 .rodata.unlikely.str1.4
                0x00000000871564d8       0x4e core_api.o
 *fill*         0x0000000087156526        0x2 
 .rodata.build_state_filepath.str1.4
                0x0000000087156528       0x1f core_api.o
 *fill*         0x0000000087156547        0x1 
 .rodata.state_save.str1.4
                0x0000000087156548       0x1b core_api.o
 *fill*         0x0000000087156563        0x1 
 .rodata.state_load.str1.4
                0x0000000087156564       0x15 core_api.o
 *fill*         0x0000000087156579        0x3 
 .rodata.build_config_filepath.str1.4
                0x000000008715657c       0x1e core_api.o
 *fill*         0x000000008715659a        0x2 
 .rodata.wrap_retro_init.str1.4
                0x000000008715659c       0x28 core_api.o
 .rodata.xlog.str1.4
                0x00000000871565c4       0x12 debug.o
                                         0x16 (size before relaxing)
 *fill*         0x00000000871565d6        0x2 
 .rodata.str1.4
                0x00000000871565d8    0x239d2 libretro_core.a(libretro.o)
                                      0x23a52 (size before relaxing)
 *fill*         0x0000000087179faa        0x2 
 .rodata        0x0000000087179fac      0x954 libretro_core.a(libretro.o)
 .rodata.cst4   0x000000008717a900       0x10 libretro_core.a(libretro.o)
 .rodata.cst8   0x000000008717a910       0x48 libretro_core.a(libretro.o)
 .rodata.cst8   0x000000008717a958        0x8 libretro_core.a(genesis.o)
 .rodata        0x000000008717a960       0xe4 libretro_core.a(io_ctrl.o)
 .rodata.str1.4
                0x000000008717aa44      0x221 libretro_core.a(loadrom.o)
                                        0x22d (size before relaxing)
 *fill*         0x000000008717ac65        0x3 
 .rodata        0x000000008717ac68      0x944 libretro_core.a(loadrom.o)
 .rodata        0x000000008717b5ac      0x770 libretro_core.a(mem68k.o)
 .rodata        0x000000008717bd1c      0x374 libretro_core.a(membnk.o)
 .rodata.str1.4
                0x000000008717c090       0x11 libretro_core.a(state.o)
 *fill*         0x000000008717c0a1        0x7 
 .rodata.cst8   0x000000008717c0a8       0x20 libretro_core.a(system.o)
 .rodata        0x000000008717c0c8     0x1d58 libretro_core.a(vdp_ctrl.o)
 .rodata        0x000000008717de20       0x50 libretro_core.a(vdp_render.o)
 .rodata        0x000000008717de70     0x2400 libretro_core.a(z80.o)
 .rodata        0x0000000087180270    0x5047c libretro_core.a(m68kcpu.o)
 .rodata        0x00000000871d06ec    0x504bc libretro_core.a(s68kcpu.o)
 .rodata        0x0000000087220ba8      0x1a8 libretro_core.a(md_ntsc.o)
                0x0000000087220ba8                md_ntsc_pixels
                0x0000000087220bf0                md_ntsc_rgb
                0x0000000087220c48                md_ntsc_svideo
                0x0000000087220ca0                md_ntsc_composite
                0x0000000087220cf8                md_ntsc_monochrome
 .rodata.cst8   0x0000000087220d50       0x10 libretro_core.a(md_ntsc.o)
 .rodata.cst4   0x0000000087220d60       0x90 libretro_core.a(md_ntsc.o)
                                         0x94 (size before relaxing)
 .rodata        0x0000000087220df0      0x1c0 libretro_core.a(sms_ntsc.o)
                0x0000000087220df0                sms_ntsc_pixels
                0x0000000087220e50                sms_ntsc_rgb
                0x0000000087220ea8                sms_ntsc_svideo
                0x0000000087220f00                sms_ntsc_composite
                0x0000000087220f58                sms_ntsc_monochrome
 .rodata.cst8   0x0000000087220fb0       0x10 libretro_core.a(sms_ntsc.o)
 .rodata.cst4   0x0000000087220fb0       0x18 libretro_core.a(sms_ntsc.o)
                                         0x94 (size before relaxing)
 .rodata        0x0000000087220fc8      0x210 libretro_core.a(blip_buf.o)
 .rodata.cst8   0x00000000872211d8        0x8 libretro_core.a(blip_buf.o)
 .rodata.cst8   0x00000000872211e0       0x10 libretro_core.a(eq.o)
                                         0x18 (size before relaxing)
 .rodata        0x00000000872211f0       0x52 libretro_core.a(psg.o)
 *fill*         0x0000000087221242        0x2 
 .rodata        0x0000000087221244      0x6e4 libretro_core.a(ym2413.o)
 .rodata.cst8   0x0000000087221928       0x40 libretro_core.a(ym2413.o)
                                         0x68 (size before relaxing)
 .rodata        0x0000000087221968      0x548 libretro_core.a(ym2612.o)
 .rodata.cst8   0x0000000087221eb0       0x60 libretro_core.a(ym2612.o)
 .rodata        0x0000000087221eb0      0xa90 libretro_core.a(ym3438.o)
 .rodata        0x0000000087222940       0x28 libretro_core.a(activator.o)
 .rodata        0x0000000087222968       0x20 libretro_core.a(graphic_board.o)
 .rodata        0x0000000087222988       0xd0 libretro_core.a(input.o)
 .rodata        0x0000000087222a58      0x17f libretro_core.a(lightgun.o)
 *fill*         0x0000000087222bd7        0x1 
 .rodata        0x0000000087222bd8       0x28 libretro_core.a(mouse.o)
 .rodata        0x0000000087222c00       0x40 libretro_core.a(teamplayer.o)
 .rodata        0x0000000087222c40       0x60 libretro_core.a(xe_1ap.o)
 .rodata        0x0000000087222ca0       0xb8 libretro_core.a(cdc.o)
 .rodata.str1.4
                0x0000000087222d58      0x229 libretro_core.a(cdd.o)
                                        0x22d (size before relaxing)
 *fill*         0x0000000087222f81        0x3 
 .rodata        0x0000000087222f84      0x4bc libretro_core.a(cdd.o)
 .rodata.cst8   0x0000000087223440        0x8 libretro_core.a(cdd.o)
 .rodata        0x0000000087223440       0x24 libretro_core.a(pcm.o)
 *fill*         0x0000000087223464        0x4 
 .rodata.cst8   0x0000000087223468        0x8 libretro_core.a(pcm.o)
 .rodata        0x0000000087223470      0x2f4 libretro_core.a(scd.o)
 .rodata.cst4   0x0000000087223764        0x4 libretro_core.a(scd.o)
                                          0x8 (size before relaxing)
 .rodata.str1.4
                0x0000000087223768       0x39 libretro_core.a(areplay.o)
 *fill*         0x00000000872237a1        0x3 
 .rodata        0x00000000872237a4     0x10e4 libretro_core.a(md_cart.o)
 .rodata.str1.4
                0x0000000087224888       0xd4 libretro_core.a(md_cart.o)
 .rodata        0x000000008722495c       0x5c libretro_core.a(megasd.o)
 .rodata.str1.4
                0x00000000872249b8       0x11 libretro_core.a(megasd.o)
 .rodata        0x00000000872249b8      0xfe4 libretro_core.a(sms_cart.o)
 .rodata.str1.4
                0x000000008722599c       0x55 libretro_core.a(sram.o)
                                         0x75 (size before relaxing)
 *fill*         0x00000000872259f1        0x3 
 .rodata        0x00000000872259f4      0x3dc libretro_core.a(ssp16.o)
 .rodata.str1.4
                0x0000000087225dd0      0x2bf libretro_core.a(libchdr_chd.o)
                                        0x2cb (size before relaxing)
 *fill*         0x000000008722608f        0x1 
 .rodata        0x0000000087226090      0x3d0 libretro_core.a(libchdr_chd.o)
 .rodata        0x0000000087226460      0xab4 libretro_core.a(libchdr_flac.o)
 .rodata.str1.4
                0x0000000087226f14        0x8 libretro_core.a(libchdr_flac.o)
 .rodata.cst4   0x0000000087226f1c        0x4 libretro_core.a(libchdr_flac.o)
                                          0xc (size before relaxing)